
Optional file libmchp_peripheral.a not found

Optional file libmchp_peripheral_32MX795F512L.a not found
Archive member included because of file (symbol)

c:/program files (x86)/microchip/xc32/v1.44/bin/bin/../../lib/gcc/pic32mx/4.8.3/../../../../pic32mx/lib\libpic32.a(default-bootstrap-exception-handler.o)
                              c:/program files (x86)/microchip/xc32/v1.44/bin/bin/../../lib/gcc/pic32mx/4.8.3/../../../../pic32mx/lib/./proc/32MX795F512L/crt0_mips32r2.o (_bootstrap_exception_handler)
c:/program files (x86)/microchip/xc32/v1.44/bin/bin/../../lib/gcc/pic32mx/4.8.3/../../../../pic32mx/lib\libpic32.a(default-on-reset.o)
                              c:/program files (x86)/microchip/xc32/v1.44/bin/bin/../../lib/gcc/pic32mx/4.8.3/../../../../pic32mx/lib/./proc/32MX795F512L/crt0_mips32r2.o (_on_reset)
c:/program files (x86)/microchip/xc32/v1.44/bin/bin/../../lib/gcc/pic32mx/4.8.3/../../../../pic32mx/lib\libpic32.a(default-on-bootstrap.o)
                              c:/program files (x86)/microchip/xc32/v1.44/bin/bin/../../lib/gcc/pic32mx/4.8.3/../../../../pic32mx/lib/./proc/32MX795F512L/crt0_mips32r2.o (_on_bootstrap)
c:/program files (x86)/microchip/xc32/v1.44/bin/bin/../../lib/gcc/pic32mx/4.8.3/../../../../pic32mx/lib\libpic32.a(default-nmi-handler.o)
                              c:/program files (x86)/microchip/xc32/v1.44/bin/bin/../../lib/gcc/pic32mx/4.8.3/../../../../pic32mx/lib/./proc/32MX795F512L/crt0_mips32r2.o (_nmi_handler)
c:/program files (x86)/microchip/xc32/v1.44/bin/bin/../../lib/gcc/pic32mx/4.8.3/../../../../pic32mx/lib\libpic32.a(general-exception.o)
                              c:/program files (x86)/microchip/xc32/v1.44/bin/bin/../../lib/gcc/pic32mx/4.8.3/../../../../pic32mx/lib/./proc/32MX795F512L/crt0_mips32r2.o (_general_exception_context)
c:/program files (x86)/microchip/xc32/v1.44/bin/bin/../../lib/gcc/pic32mx/4.8.3/../../../../pic32mx/lib\libpic32.a(vector0.o)
                              c:/program files (x86)/microchip/xc32/v1.44/bin/bin/../../lib/gcc/pic32mx/4.8.3/../../../../pic32mx/lib/./proc/32MX795F512L\default_isr_vectors.o (__vector_dispatch_0)
c:/program files (x86)/microchip/xc32/v1.44/bin/bin/../../lib/gcc/pic32mx/4.8.3/../../../../pic32mx/lib\libpic32.a(vector1.o)
                              c:/program files (x86)/microchip/xc32/v1.44/bin/bin/../../lib/gcc/pic32mx/4.8.3/../../../../pic32mx/lib/./proc/32MX795F512L\default_isr_vectors.o (__vector_dispatch_1)
c:/program files (x86)/microchip/xc32/v1.44/bin/bin/../../lib/gcc/pic32mx/4.8.3/../../../../pic32mx/lib\libpic32.a(vector2.o)
                              c:/program files (x86)/microchip/xc32/v1.44/bin/bin/../../lib/gcc/pic32mx/4.8.3/../../../../pic32mx/lib/./proc/32MX795F512L\default_isr_vectors.o (__vector_dispatch_2)
c:/program files (x86)/microchip/xc32/v1.44/bin/bin/../../lib/gcc/pic32mx/4.8.3/../../../../pic32mx/lib\libpic32.a(vector3.o)
                              c:/program files (x86)/microchip/xc32/v1.44/bin/bin/../../lib/gcc/pic32mx/4.8.3/../../../../pic32mx/lib/./proc/32MX795F512L\default_isr_vectors.o (__vector_dispatch_3)
c:/program files (x86)/microchip/xc32/v1.44/bin/bin/../../lib/gcc/pic32mx/4.8.3/../../../../pic32mx/lib\libpic32.a(vector5.o)
                              c:/program files (x86)/microchip/xc32/v1.44/bin/bin/../../lib/gcc/pic32mx/4.8.3/../../../../pic32mx/lib/./proc/32MX795F512L\default_isr_vectors.o (__vector_dispatch_5)
c:/program files (x86)/microchip/xc32/v1.44/bin/bin/../../lib/gcc/pic32mx/4.8.3/../../../../pic32mx/lib\libpic32.a(vector6.o)
                              c:/program files (x86)/microchip/xc32/v1.44/bin/bin/../../lib/gcc/pic32mx/4.8.3/../../../../pic32mx/lib/./proc/32MX795F512L\default_isr_vectors.o (__vector_dispatch_6)
c:/program files (x86)/microchip/xc32/v1.44/bin/bin/../../lib/gcc/pic32mx/4.8.3/../../../../pic32mx/lib\libpic32.a(vector7.o)
                              c:/program files (x86)/microchip/xc32/v1.44/bin/bin/../../lib/gcc/pic32mx/4.8.3/../../../../pic32mx/lib/./proc/32MX795F512L\default_isr_vectors.o (__vector_dispatch_7)
c:/program files (x86)/microchip/xc32/v1.44/bin/bin/../../lib/gcc/pic32mx/4.8.3/../../../../pic32mx/lib\libpic32.a(vector8.o)
                              c:/program files (x86)/microchip/xc32/v1.44/bin/bin/../../lib/gcc/pic32mx/4.8.3/../../../../pic32mx/lib/./proc/32MX795F512L\default_isr_vectors.o (__vector_dispatch_8)
c:/program files (x86)/microchip/xc32/v1.44/bin/bin/../../lib/gcc/pic32mx/4.8.3/../../../../pic32mx/lib\libpic32.a(vector9.o)
                              c:/program files (x86)/microchip/xc32/v1.44/bin/bin/../../lib/gcc/pic32mx/4.8.3/../../../../pic32mx/lib/./proc/32MX795F512L\default_isr_vectors.o (__vector_dispatch_9)
c:/program files (x86)/microchip/xc32/v1.44/bin/bin/../../lib/gcc/pic32mx/4.8.3/../../../../pic32mx/lib\libpic32.a(vector10.o)
[...]
Memory Configuration

Name             Origin             Length             Attributes
kseg0_program_mem 0x9d000000         0x00080000         xr
kseg0_boot_mem   0x9fc00490         0x00000970
exception_mem    0x9fc01000         0x00001000
kseg1_boot_mem   0xbfc00000         0x00000490
debug_exec_mem   0xbfc02000         0x00000ff0
config3          0xbfc02ff0         0x00000004
config2          0xbfc02ff4         0x00000004
config1          0xbfc02ff8         0x00000004
config0          0xbfc02ffc         0x00000004
kseg1_data_mem   0xa0000000         0x00020000         w !x
sfrs             0xbf800000         0x00100000
configsfrs       0xbfc02ff0         0x00000010
*default*        0x00000000         0xffffffff

Linker script and memory map

LOAD c:/program files (x86)/microchip/xc32/v1.44/bin/bin/../../lib/gcc/pic32mx/4.8.3/../../../../pic32mx/lib/./proc/32MX795F512L/crt0_mips32r2.o
LOAD c:/program files (x86)/microchip/xc32/v1.44/bin/bin/../../lib/gcc/pic32mx/4.8.3/../../../../pic32mx/lib\software-debug-break.o
                0x00000001                _DEBUGGER = 0x1
LOAD build/innoGateway2_base/debug/_ext/1756686434/sys_wdt.o
LOAD build/innoGateway2_base/debug/_ext/797593781/bsp.o
LOAD build/innoGateway2_base/debug/_ext/1834457159/drv_can_mapping.o
LOAD build/innoGateway2_base/debug/_ext/1834457159/drv_can_static.o
LOAD build/innoGateway2_base/debug/_ext/715447426/drv_tmr_static.o
LOAD build/innoGateway2_base/debug/_ext/715447426/drv_tmr_mapping.o
LOAD build/innoGateway2_base/debug/_ext/124120942/drv_usart_mapping.o
LOAD build/innoGateway2_base/debug/_ext/124120942/drv_usart_static.o
LOAD build/innoGateway2_base/debug/_ext/124120942/drv_usart_static_byte_model.o
LOAD build/innoGateway2_base/debug/_ext/1532472558/sys_clk_pic32mx.o
LOAD build/innoGateway2_base/debug/_ext/1960096935/sys_devcon.o
LOAD build/innoGateway2_base/debug/_ext/1960096935/sys_devcon_pic32mx.o
LOAD build/innoGateway2_base/debug/_ext/1024927934/sys_ports_static.o
LOAD build/innoGateway2_base/debug/_ext/1332166779/system_init.o
LOAD build/innoGateway2_base/debug/_ext/1332166779/system_interrupt.o
LOAD build/innoGateway2_base/debug/_ext/1332166779/system_exceptions.o
LOAD build/innoGateway2_base/debug/_ext/1332166779/system_tasks.o
LOAD build/innoGateway2_base/debug/_ext/1360937237/app.o
LOAD build/innoGateway2_base/debug/_ext/1360937237/main.o
LOAD build/innoGateway2_base/debug/_ext/1360937237/IRMA.o
LOAD build/innoGateway2_base/debug/_ext/1360937237/errorCheck.o
LOAD build/innoGateway2_base/debug/_ext/1360937237/fifoBuffer.o
LOAD build/innoGateway2_base/debug/_ext/1360937237/helper.o
LOAD build/innoGateway2_base/debug/_ext/1360937237/i2c_eeprom.o
LOAD build/innoGateway2_base/debug/_ext/1360937237/timerDefinitions.o
LOAD build/innoGateway2_base/debug/_ext/1360937237/uart.o
LOAD build/innoGateway2_base/debug/_ext/1360937237/uart_protocol_handler.o
LOAD build/innoGateway2_base/debug/_ext/108923032/drv_i2c.o
LOAD build/innoGateway2_base/debug/_ext/1082766828/sys_int_pic32.o
LOAD ..\..\..\..\..\..\..\microchip\harmony\v2_04\bin\framework\peripheral\PIC32MX795F512L_peripherals.a
                0x00000001                __MPLAB_BUILD = 0x1
                0x00000001                __MPLAB_DEBUG = 0x1
                0x00000001                __DEBUG = 0x1
                0x00000001                SKDEPIC32PlatformTool = 0x1
                0x00000000                _min_heap_size = 0x0
LOAD c:/program files (x86)/microchip/xc32/v1.44/bin/bin/../../lib/gcc/pic32mx/4.8.3/../../../../pic32mx/lib/./proc/32MX795F512L\default_isr_vectors.o
LOAD c:/program files (x86)/microchip/xc32/v1.44/bin/bin/../../lib/gcc/pic32mx/4.8.3/../../../../pic32mx/lib\pic32_software_reset.o
                0x00000400                PROVIDE (_min_stack_size, 0x400)
LOAD c:/program files (x86)/microchip/xc32/v1.44/bin/bin/../../lib/gcc/pic32mx/4.8.3/../../../../pic32mx/lib/./proc/32MX795F512L\processor.o
START GROUP
LOAD libmchp_peripheral.a
END GROUP
START GROUP
LOAD libmchp_peripheral_32MX795F512L.a
END GROUP
                0x00000001                PROVIDE (_vector_spacing, 0x1)
                0x9fc01000                PROVIDE (_ebase_address, 0x9fc01000)
                0xbfc00000                _RESET_ADDR = 0xbfc00000
                0xbfc00380                _BEV_EXCPT_ADDR = 0xbfc00380
                0xbfc00480                _DBG_EXCPT_ADDR = 0xbfc00480
                0xbfc02000                _DBG_CODE_ADDR = 0xbfc02000
                0x00000ff0                _DBG_CODE_SIZE = 0xff0
                0x9fc01180                _GEN_EXCPT_ADDR = (_ebase_address + 0x180)

.config_BFC02FF0
                0xbfc02ff0        0x4
 *(.config_BFC02FF0)
 .config_BFC02FF0
                0xbfc02ff0        0x4 build/innoGateway2_base/debug/_ext/1332166779/system_init.o

.config_BFC02FF4
                0xbfc02ff4        0x4
 *(.config_BFC02FF4)
 .config_BFC02FF4
                0xbfc02ff4        0x4 build/innoGateway2_base/debug/_ext/1332166779/system_init.o

.config_BFC02FF8
                0xbfc02ff8        0x4
 *(.config_BFC02FF8)
 .config_BFC02FF8
                0xbfc02ff8        0x4 build/innoGateway2_base/debug/_ext/1332166779/system_init.o

.config_BFC02FFC
                0xbfc02ffc        0x4
 *(.config_BFC02FFC)
 .config_BFC02FFC
                0xbfc02ffc        0x4 build/innoGateway2_base/debug/_ext/1332166779/system_init.o
                0xbfc02000                PROVIDE (_DBG_CODE_ADDR, 0xbfc02000)
                0x00000ff0                PROVIDE (_DBG_CODE_SIZE, 0xff0)

.reset          0xbfc00000      0x208
 *(.reset)
 .reset         0xbfc00000        0x8 c:/program files (x86)/microchip/xc32/v1.44/bin/bin/../../lib/gcc/pic32mx/4.8.3/../../../../pic32mx/lib/./proc/32MX795F512L/crt0_mips32r2.o
                0xbfc00000                _reset
 *(.reset.startup)
 .reset.startup
                0xbfc00008      0x200 c:/program files (x86)/microchip/xc32/v1.44/bin/bin/../../lib/gcc/pic32mx/4.8.3/../../../../pic32mx/lib/./proc/32MX795F512L/crt0_mips32r2.o
                0xbfc00008                _startup

.bev_excpt      0xbfc00380       0x10
 *(.bev_handler)
 .bev_handler   0xbfc00380       0x10 c:/program files (x86)/microchip/xc32/v1.44/bin/bin/../../lib/gcc/pic32mx/4.8.3/../../../../pic32mx/lib/./proc/32MX795F512L/crt0_mips32r2.o

.dbg_excpt      0xbfc00480        0x8
                0xbfc00480                . = (. + DEFINED (_DEBUGGER)?0x8:0x0)
 *fill*         0xbfc00480        0x8 

.dbg_code       0xbfc02000      0xff0
                0xbfc02000                . = (. + DEFINED (_DEBUGGER)?_DBG_CODE_SIZE:0x0)
 *fill*         0xbfc02000      0xff0 

.app_excpt      0x9fc01180       0x10
 *(.gen_handler)
 .gen_handler   0x9fc01180       0x10 c:/program files (x86)/microchip/xc32/v1.44/bin/bin/../../lib/gcc/pic32mx/4.8.3/../../../../pic32mx/lib/./proc/32MX795F512L/crt0_mips32r2.o

.vector_0       0x9fc01200        0x8
 *(.vector_0)
 .vector_0      0x9fc01200        0x8 c:/program files (x86)/microchip/xc32/v1.44/bin/bin/../../lib/gcc/pic32mx/4.8.3/../../../../pic32mx/lib\libpic32.a(vector0.o)
                0x9fc01200                __vector_dispatch_0
                0x00000001                ASSERT (((_vector_spacing == 0x0) || (SIZEOF (.vector_0) <= (_vector_spacing << 0x5))), function at exception vector 0 too large)

.vector_1       0x9fc01220        0x8
 *(.vector_1)
 .vector_1      0x9fc01220        0x8 c:/program files (x86)/microchip/xc32/v1.44/bin/bin/../../lib/gcc/pic32mx/4.8.3/../../../../pic32mx/lib\libpic32.a(vector1.o)
                0x9fc01220                __vector_dispatch_1
                0x00000001                ASSERT (((_vector_spacing == 0x0) || (SIZEOF (.vector_1) <= (_vector_spacing << 0x5))), function at exception vector 1 too large)

.vector_2       0x9fc01240        0x8
 *(.vector_2)
 .vector_2      0x9fc01240        0x8 c:/program files (x86)/microchip/xc32/v1.44/bin/bin/../../lib/gcc/pic32mx/4.8.3/../../../../pic32mx/lib\libpic32.a(vector2.o)
                0x9fc01240                __vector_dispatch_2
                0x00000001                ASSERT (((_vector_spacing == 0x0) || (SIZEOF (.vector_2) <= (_vector_spacing << 0x5))), function at exception vector 2 too large)

.vector_3       0x9fc01260        0x8
 *(.vector_3)
 .vector_3      0x9fc01260        0x8 c:/program files (x86)/microchip/xc32/v1.44/bin/bin/../../lib/gcc/pic32mx/4.8.3/../../../../pic32mx/lib\libpic32.a(vector3.o)
                0x9fc01260                __vector_dispatch_3
                0x00000001                ASSERT (((_vector_spacing == 0x0) || (SIZEOF (.vector_3) <= (_vector_spacing << 0x5))), function at exception vector 3 too large)

.vector_4       0x9fc01280       0x10
 *(.vector_4)
 .vector_4      0x9fc01280        0x8 build/innoGateway2_base/debug/_ext/1332166779/system_interrupt.o
                0x9fc01280                __vector_dispatch_4
 .vector_4      0x9fc01288        0x8 build/innoGateway2_base/debug/_ext/1360937237/app.o
                0x00000001                ASSERT (((_vector_spacing == 0x0) || (SIZEOF (.vector_4) <= (_vector_spacing << 0x5))), function at exception vector 4 too large)

.vector_5       0x9fc012a0        0x8
 *(.vector_5)
 .vector_5      0x9fc012a0        0x8 c:/program files (x86)/microchip/xc32/v1.44/bin/bin/../../lib/gcc/pic32mx/4.8.3/../../../../pic32mx/lib\libpic32.a(vector5.o)
                0x9fc012a0                __vector_dispatch_5
                0x00000001                ASSERT (((_vector_spacing == 0x0) || (SIZEOF (.vector_5) <= (_vector_spacing << 0x5))), function at exception vector 5 too large)

.vector_6       0x9fc012c0        0x8
 *(.vector_6)
 .vector_6      0x9fc012c0        0x8 c:/program files (x86)/microchip/xc32/v1.44/bin/bin/../../lib/gcc/pic32mx/4.8.3/../../../../pic32mx/lib\libpic32.a(vector6.o)
                0x9fc012c0                __vector_dispatch_6
                0x00000001                ASSERT (((_vector_spacing == 0x0) || (SIZEOF (.vector_6) <= (_vector_spacing << 0x5))), function at exception vector 6 too large)

.vector_7       0x9fc012e0        0x8
 *(.vector_7)
 .vector_7      0x9fc012e0        0x8 c:/program files (x86)/microchip/xc32/v1.44/bin/bin/../../lib/gcc/pic32mx/4.8.3/../../../../pic32mx/lib\libpic32.a(vector7.o)
                0x9fc012e0                __vector_dispatch_7
                0x00000001                ASSERT (((_vector_spacing == 0x0) || (SIZEOF (.vector_7) <= (_vector_spacing << 0x5))), function at exception vector 7 too large)

.vector_8       0x9fc01300        0x8
 *(.vector_8)
 .vector_8      0x9fc01300        0x8 c:/program files (x86)/microchip/xc32/v1.44/bin/bin/../../lib/gcc/pic32mx/4.8.3/../../../../pic32mx/lib\libpic32.a(vector8.o)
                0x9fc01300                __vector_dispatch_8
                0x00000001                ASSERT (((_vector_spacing == 0x0) || (SIZEOF (.vector_8) <= (_vector_spacing << 0x5))), function at exception vector 8 too large)

.vector_9       0x9fc01320        0x8
 *(.vector_9)
 .vector_9      0x9fc01320        0x8 c:/program files (x86)/microchip/xc32/v1.44/bin/bin/../../lib/gcc/pic32mx/4.8.3/../../../../pic32mx/lib\libpic32.a(vector9.o)
                0x9fc01320                __vector_dispatch_9
                0x00000001                ASSERT (((_vector_spacing == 0x0) || (SIZEOF (.vector_9) <= (_vector_spacing << 0x5))), function at exception vector 9 too large)

.vector_10      0x9fc01340        0x8
 *(.vector_10)
 .vector_10     0x9fc01340        0x8 c:/program files (x86)/microchip/xc32/v1.44/bin/bin/../../lib/gcc/pic32mx/4.8.3/../../../../pic32mx/lib\libpic32.a(vector10.o)
                0x9fc01340                __vector_dispatch_10
                0x00000001                ASSERT (((_vector_spacing == 0x0) || (SIZEOF (.vector_10) <= (_vector_spacing << 0x5))), function at exception vector 10 too large)

.vector_11      0x9fc01360        0x8
 *(.vector_11)
 .vector_11     0x9fc01360        0x8 c:/program files (x86)/microchip/xc32/v1.44/bin/bin/../../lib/gcc/pic32mx/4.8.3/../../../../pic32mx/lib\libpic32.a(vector11.o)
                0x9fc01360                __vector_dispatch_11
                0x00000001                ASSERT (((_vector_spacing == 0x0) || (SIZEOF (.vector_11) <= (_vector_spacing << 0x5))), function at exception vector 11 too large)

.vector_12      0x9fc01380        0x8
 *(.vector_12)
 .vector_12     0x9fc01380        0x8 c:/program files (x86)/microchip/xc32/v1.44/bin/bin/../../lib/gcc/pic32mx/4.8.3/../../../../pic32mx/lib\libpic32.a(vector12.o)
                0x9fc01380                __vector_dispatch_12
                0x00000001                ASSERT (((_vector_spacing == 0x0) || (SIZEOF (.vector_12) <= (_vector_spacing << 0x5))), function at exception vector 12 too large)

.vector_13      0x9fc013a0        0x8
 *(.vector_13)
 .vector_13     0x9fc013a0        0x8 c:/program files (x86)/microchip/xc32/v1.44/bin/bin/../../lib/gcc/pic32mx/4.8.3/../../../../pic32mx/lib\libpic32.a(vector13.o)
                0x9fc013a0                __vector_dispatch_13
                0x00000001                ASSERT (((_vector_spacing == 0x0) || (SIZEOF (.vector_13) <= (_vector_spacing << 0x5))), function at exception vector 13 too large)

.vector_14      0x9fc013c0        0x8
 *(.vector_14)
 .vector_14     0x9fc013c0        0x8 c:/program files (x86)/microchip/xc32/v1.44/bin/bin/../../lib/gcc/pic32mx/4.8.3/../../../../pic32mx/lib\libpic32.a(vector14.o)
                0x9fc013c0                __vector_dispatch_14
                0x00000001                ASSERT (((_vector_spacing == 0x0) || (SIZEOF (.vector_14) <= (_vector_spacing << 0x5))), function at exception vector 14 too large)

.vector_15      0x9fc013e0        0x8
 *(.vector_15)
 .vector_15     0x9fc013e0        0x8 c:/program files (x86)/microchip/xc32/v1.44/bin/bin/../../lib/gcc/pic32mx/4.8.3/../../../../pic32mx/lib\libpic32.a(vector15.o)
                0x9fc013e0                __vector_dispatch_15
                0x00000001                ASSERT (((_vector_spacing == 0x0) || (SIZEOF (.vector_15) <= (_vector_spacing << 0x5))), function at exception vector 15 too large)

.vector_16      0x9fc01400        0x8
 *(.vector_16)
 .vector_16     0x9fc01400        0x8 c:/program files (x86)/microchip/xc32/v1.44/bin/bin/../../lib/gcc/pic32mx/4.8.3/../../../../pic32mx/lib\libpic32.a(vector16.o)
                0x9fc01400                __vector_dispatch_16
                0x00000001                ASSERT (((_vector_spacing == 0x0) || (SIZEOF (.vector_16) <= (_vector_spacing << 0x5))), function at exception vector 16 too large)

.vector_17      0x9fc01420        0x8
 *(.vector_17)
 .vector_17     0x9fc01420        0x8 c:/program files (x86)/microchip/xc32/v1.44/bin/bin/../../lib/gcc/pic32mx/4.8.3/../../../../pic32mx/lib\libpic32.a(vector17.o)
                0x9fc01420                __vector_dispatch_17
                0x00000001                ASSERT (((_vector_spacing == 0x0) || (SIZEOF (.vector_17) <= (_vector_spacing << 0x5))), function at exception vector 17 too large)

.vector_18      0x9fc01440        0x8
 *(.vector_18)
 .vector_18     0x9fc01440        0x8 c:/program files (x86)/microchip/xc32/v1.44/bin/bin/../../lib/gcc/pic32mx/4.8.3/../../../../pic32mx/lib\libpic32.a(vector18.o)
                0x9fc01440                __vector_dispatch_18
                0x00000001                ASSERT (((_vector_spacing == 0x0) || (SIZEOF (.vector_18) <= (_vector_spacing << 0x5))), function at exception vector 18 too large)

.vector_19      0x9fc01460        0x8
 *(.vector_19)
 .vector_19     0x9fc01460        0x8 c:/program files (x86)/microchip/xc32/v1.44/bin/bin/../../lib/gcc/pic32mx/4.8.3/../../../../pic32mx/lib\libpic32.a(vector19.o)
                0x9fc01460                __vector_dispatch_19
                0x00000001                ASSERT (((_vector_spacing == 0x0) || (SIZEOF (.vector_19) <= (_vector_spacing << 0x5))), function at exception vector 19 too large)

.vector_20      0x9fc01480        0x8
 *(.vector_20)
 .vector_20     0x9fc01480        0x8 c:/program files (x86)/microchip/xc32/v1.44/bin/bin/../../lib/gcc/pic32mx/4.8.3/../../../../pic32mx/lib\libpic32.a(vector20.o)
                0x9fc01480                __vector_dispatch_20
                0x00000001                ASSERT (((_vector_spacing == 0x0) || (SIZEOF (.vector_20) <= (_vector_spacing << 0x5))), function at exception vector 20 too large)

.vector_21      0x9fc014a0        0x8
 *(.vector_21)
 .vector_21     0x9fc014a0        0x8 c:/program files (x86)/microchip/xc32/v1.44/bin/bin/../../lib/gcc/pic32mx/4.8.3/../../../../pic32mx/lib\libpic32.a(vector21.o)
                0x9fc014a0                __vector_dispatch_21
                0x00000001                ASSERT (((_vector_spacing == 0x0) || (SIZEOF (.vector_21) <= (_vector_spacing << 0x5))), function at exception vector 21 too large)

.vector_22      0x9fc014c0        0x8
 *(.vector_22)
 .vector_22     0x9fc014c0        0x8 c:/program files (x86)/microchip/xc32/v1.44/bin/bin/../../lib/gcc/pic32mx/4.8.3/../../../../pic32mx/lib\libpic32.a(vector22.o)
                0x9fc014c0                __vector_dispatch_22
                0x00000001                ASSERT (((_vector_spacing == 0x0) || (SIZEOF (.vector_22) <= (_vector_spacing << 0x5))), function at exception vector 22 too large)

.vector_23      0x9fc014e0        0x8
 *(.vector_23)
 .vector_23     0x9fc014e0        0x8 c:/program files (x86)/microchip/xc32/v1.44/bin/bin/../../lib/gcc/pic32mx/4.8.3/../../../../pic32mx/lib\libpic32.a(vector23.o)
                0x9fc014e0                __vector_dispatch_23
                0x00000001                ASSERT (((_vector_spacing == 0x0) || (SIZEOF (.vector_23) <= (_vector_spacing << 0x5))), function at exception vector 23 too large)

.vector_24      0x9fc01500       0x10
 *(.vector_24)
 .vector_24     0x9fc01500        0x8 build/innoGateway2_base/debug/_ext/1332166779/system_interrupt.o
                0x9fc01500                __vector_dispatch_24
 .vector_24     0x9fc01508        0x8 build/innoGateway2_base/debug/_ext/1360937237/app.o
                0x00000001                ASSERT (((_vector_spacing == 0x0) || (SIZEOF (.vector_24) <= (_vector_spacing << 0x5))), function at exception vector 24 too large)

.vector_25      0x9fc01520        0x8
 *(.vector_25)
 .vector_25     0x9fc01520        0x8 c:/program files (x86)/microchip/xc32/v1.44/bin/bin/../../lib/gcc/pic32mx/4.8.3/../../../../pic32mx/lib\libpic32.a(vector25.o)
                0x9fc01520                __vector_dispatch_25
                0x00000001                ASSERT (((_vector_spacing == 0x0) || (SIZEOF (.vector_25) <= (_vector_spacing << 0x5))), function at exception vector 25 too large)

.vector_26      0x9fc01540       0x10
 *(.vector_26)
 .vector_26     0x9fc01540        0x8 build/innoGateway2_base/debug/_ext/1332166779/system_interrupt.o
                0x9fc01540                __vector_dispatch_26
 .vector_26     0x9fc01548        0x8 build/innoGateway2_base/debug/_ext/1360937237/app.o
                0x00000001                ASSERT (((_vector_spacing == 0x0) || (SIZEOF (.vector_26) <= (_vector_spacing << 0x5))), function at exception vector 26 too large)

.vector_27      0x9fc01560        0x8
 *(.vector_27)
 .vector_27     0x9fc01560        0x8 c:/program files (x86)/microchip/xc32/v1.44/bin/bin/../../lib/gcc/pic32mx/4.8.3/../../../../pic32mx/lib\libpic32.a(vector27.o)
                0x9fc01560                __vector_dispatch_27
                0x00000001                ASSERT (((_vector_spacing == 0x0) || (SIZEOF (.vector_27) <= (_vector_spacing << 0x5))), function at exception vector 27 too large)

.vector_28      0x9fc01580        0x8
 *(.vector_28)
 .vector_28     0x9fc01580        0x8 c:/program files (x86)/microchip/xc32/v1.44/bin/bin/../../lib/gcc/pic32mx/4.8.3/../../../../pic32mx/lib\libpic32.a(vector28.o)
                0x9fc01580                __vector_dispatch_28
                0x00000001                ASSERT (((_vector_spacing == 0x0) || (SIZEOF (.vector_28) <= (_vector_spacing << 0x5))), function at exception vector 28 too large)

.vector_29      0x9fc015a0        0x8
 *(.vector_29)
 .vector_29     0x9fc015a0        0x8 c:/program files (x86)/microchip/xc32/v1.44/bin/bin/../../lib/gcc/pic32mx/4.8.3/../../../../pic32mx/lib\libpic32.a(vector29.o)
                0x9fc015a0                __vector_dispatch_29
                0x00000001                ASSERT (((_vector_spacing == 0x0) || (SIZEOF (.vector_29) <= (_vector_spacing << 0x5))), function at exception vector 29 too large)

.vector_30      0x9fc015c0        0x8
 *(.vector_30)
 .vector_30     0x9fc015c0        0x8 c:/program files (x86)/microchip/xc32/v1.44/bin/bin/../../lib/gcc/pic32mx/4.8.3/../../../../pic32mx/lib\libpic32.a(vector30.o)
                0x9fc015c0                __vector_dispatch_30
                0x00000001                ASSERT (((_vector_spacing == 0x0) || (SIZEOF (.vector_30) <= (_vector_spacing << 0x5))), function at exception vector 30 too large)

.vector_31      0x9fc015e0        0x8
 *(.vector_31)
 .vector_31     0x9fc015e0        0x8 c:/program files (x86)/microchip/xc32/v1.44/bin/bin/../../lib/gcc/pic32mx/4.8.3/../../../../pic32mx/lib\libpic32.a(vector31.o)
                0x9fc015e0                __vector_dispatch_31
                0x00000001                ASSERT (((_vector_spacing == 0x0) || (SIZEOF (.vector_31) <= (_vector_spacing << 0x5))), function at exception vector 31 too large)

.vector_32      0x9fc01600       0x10
 *(.vector_32)
 .vector_32     0x9fc01600        0x8 build/innoGateway2_base/debug/_ext/1332166779/system_interrupt.o
                0x9fc01600                __vector_dispatch_32
 .vector_32     0x9fc01608        0x8 build/innoGateway2_base/debug/_ext/1360937237/app.o
                0x00000001                ASSERT (((_vector_spacing == 0x0) || (SIZEOF (.vector_32) <= (_vector_spacing << 0x5))), function at exception vector 32 too large)

.vector_33      0x9fc01620       0x10
 *(.vector_33)
 .vector_33     0x9fc01620        0x8 build/innoGateway2_base/debug/_ext/1332166779/system_interrupt.o
                0x9fc01620                __vector_dispatch_33
 .vector_33     0x9fc01628        0x8 build/innoGateway2_base/debug/_ext/1360937237/app.o
                0x00000001                ASSERT (((_vector_spacing == 0x0) || (SIZEOF (.vector_33) <= (_vector_spacing << 0x5))), function at exception vector 33 too large)

.vector_34      0x9fc01640        0x8
 *(.vector_34)
 .vector_34     0x9fc01640        0x8 c:/program files (x86)/microchip/xc32/v1.44/bin/bin/../../lib/gcc/pic32mx/4.8.3/../../../../pic32mx/lib\libpic32.a(vector34.o)
                0x9fc01640                __vector_dispatch_34
                0x00000001                ASSERT (((_vector_spacing == 0x0) || (SIZEOF (.vector_34) <= (_vector_spacing << 0x5))), function at exception vector 34 too large)

.vector_35      0x9fc01660        0x8
 *(.vector_35)
 .vector_35     0x9fc01660        0x8 c:/program files (x86)/microchip/xc32/v1.44/bin/bin/../../lib/gcc/pic32mx/4.8.3/../../../../pic32mx/lib\libpic32.a(vector35.o)
                0x9fc01660                __vector_dispatch_35
                0x00000001                ASSERT (((_vector_spacing == 0x0) || (SIZEOF (.vector_35) <= (_vector_spacing << 0x5))), function at exception vector 35 too large)

.vector_36      0x9fc01680        0x8
 *(.vector_36)
 .vector_36     0x9fc01680        0x8 c:/program files (x86)/microchip/xc32/v1.44/bin/bin/../../lib/gcc/pic32mx/4.8.3/../../../../pic32mx/lib\libpic32.a(vector36.o)
                0x9fc01680                __vector_dispatch_36
                0x00000001                ASSERT (((_vector_spacing == 0x0) || (SIZEOF (.vector_36) <= (_vector_spacing << 0x5))), function at exception vector 36 too large)

.vector_37      0x9fc016a0        0x8
 *(.vector_37)
 .vector_37     0x9fc016a0        0x8 c:/program files (x86)/microchip/xc32/v1.44/bin/bin/../../lib/gcc/pic32mx/4.8.3/../../../../pic32mx/lib\libpic32.a(vector37.o)
                0x9fc016a0                __vector_dispatch_37
                0x00000001                ASSERT (((_vector_spacing == 0x0) || (SIZEOF (.vector_37) <= (_vector_spacing << 0x5))), function at exception vector 37 too large)

.vector_38      0x9fc016c0        0x8
 *(.vector_38)
 .vector_38     0x9fc016c0        0x8 c:/program files (x86)/microchip/xc32/v1.44/bin/bin/../../lib/gcc/pic32mx/4.8.3/../../../../pic32mx/lib\libpic32.a(vector38.o)
                0x9fc016c0                __vector_dispatch_38
                0x00000001                ASSERT (((_vector_spacing == 0x0) || (SIZEOF (.vector_38) <= (_vector_spacing << 0x5))), function at exception vector 38 too large)

.vector_39      0x9fc016e0        0x8
 *(.vector_39)
 .vector_39     0x9fc016e0        0x8 c:/program files (x86)/microchip/xc32/v1.44/bin/bin/../../lib/gcc/pic32mx/4.8.3/../../../../pic32mx/lib\libpic32.a(vector39.o)
                0x9fc016e0                __vector_dispatch_39
                0x00000001                ASSERT (((_vector_spacing == 0x0) || (SIZEOF (.vector_39) <= (_vector_spacing << 0x5))), function at exception vector 39 too large)

.vector_40      0x9fc01700        0x8
 *(.vector_40)
 .vector_40     0x9fc01700        0x8 c:/program files (x86)/microchip/xc32/v1.44/bin/bin/../../lib/gcc/pic32mx/4.8.3/../../../../pic32mx/lib\libpic32.a(vector40.o)
                0x9fc01700                __vector_dispatch_40
                0x00000001                ASSERT (((_vector_spacing == 0x0) || (SIZEOF (.vector_40) <= (_vector_spacing << 0x5))), function at exception vector 40 too large)

.vector_41      0x9fc01720        0x8
 *(.vector_41)
 .vector_41     0x9fc01720        0x8 c:/program files (x86)/microchip/xc32/v1.44/bin/bin/../../lib/gcc/pic32mx/4.8.3/../../../../pic32mx/lib\libpic32.a(vector41.o)
                0x9fc01720                __vector_dispatch_41
                0x00000001                ASSERT (((_vector_spacing == 0x0) || (SIZEOF (.vector_41) <= (_vector_spacing << 0x5))), function at exception vector 41 too large)

.vector_42      0x9fc01740        0x8
 *(.vector_42)
 .vector_42     0x9fc01740        0x8 c:/program files (x86)/microchip/xc32/v1.44/bin/bin/../../lib/gcc/pic32mx/4.8.3/../../../../pic32mx/lib\libpic32.a(vector42.o)
                0x9fc01740                __vector_dispatch_42
                0x00000001                ASSERT (((_vector_spacing == 0x0) || (SIZEOF (.vector_42) <= (_vector_spacing << 0x5))), function at exception vector 42 too large)

.vector_43      0x9fc01760        0x8
 *(.vector_43)
 .vector_43     0x9fc01760        0x8 c:/program files (x86)/microchip/xc32/v1.44/bin/bin/../../lib/gcc/pic32mx/4.8.3/../../../../pic32mx/lib\libpic32.a(vector43.o)
                0x9fc01760                __vector_dispatch_43
                0x00000001                ASSERT (((_vector_spacing == 0x0) || (SIZEOF (.vector_43) <= (_vector_spacing << 0x5))), function at exception vector 43 too large)

.vector_44      0x9fc01780        0x8
 *(.vector_44)
 .vector_44     0x9fc01780        0x8 c:/program files (x86)/microchip/xc32/v1.44/bin/bin/../../lib/gcc/pic32mx/4.8.3/../../../../pic32mx/lib\libpic32.a(vector44.o)
                0x9fc01780                __vector_dispatch_44
                0x00000001                ASSERT (((_vector_spacing == 0x0) || (SIZEOF (.vector_44) <= (_vector_spacing << 0x5))), function at exception vector 44 too large)

.vector_45      0x9fc017a0        0x8
 *(.vector_45)
 .vector_45     0x9fc017a0        0x8 c:/program files (x86)/microchip/xc32/v1.44/bin/bin/../../lib/gcc/pic32mx/4.8.3/../../../../pic32mx/lib\libpic32.a(vector45.o)
                0x9fc017a0                __vector_dispatch_45
                0x00000001                ASSERT (((_vector_spacing == 0x0) || (SIZEOF (.vector_45) <= (_vector_spacing << 0x5))), function at exception vector 45 too large)

.vector_46      0x9fc017c0       0x10
 *(.vector_46)
 .vector_46     0x9fc017c0        0x8 build/innoGateway2_base/debug/_ext/1332166779/system_interrupt.o
                0x9fc017c0                __vector_dispatch_46
 .vector_46     0x9fc017c8        0x8 build/innoGateway2_base/debug/_ext/1360937237/app.o
                0x00000001                ASSERT (((_vector_spacing == 0x0) || (SIZEOF (.vector_46) <= (_vector_spacing << 0x5))), function at exception vector 46 too large)

.vector_47      0x9fc017e0        0x8
 *(.vector_47)
 .vector_47     0x9fc017e0        0x8 c:/program files (x86)/microchip/xc32/v1.44/bin/bin/../../lib/gcc/pic32mx/4.8.3/../../../../pic32mx/lib\libpic32.a(vector47.o)
                0x9fc017e0                __vector_dispatch_47
                0x00000001                ASSERT (((_vector_spacing == 0x0) || (SIZEOF (.vector_47) <= (_vector_spacing << 0x5))), function at exception vector 47 too large)

.vector_48      0x9fc01800        0x8
 *(.vector_48)
 .vector_48     0x9fc01800        0x8 c:/program files (x86)/microchip/xc32/v1.44/bin/bin/../../lib/gcc/pic32mx/4.8.3/../../../../pic32mx/lib\libpic32.a(vector48.o)
                0x9fc01800                __vector_dispatch_48
                0x00000001                ASSERT (((_vector_spacing == 0x0) || (SIZEOF (.vector_48) <= (_vector_spacing << 0x5))), function at exception vector 48 too large)

.vector_49      0x9fc01820        0x8
 *(.vector_49)
 .vector_49     0x9fc01820        0x8 c:/program files (x86)/microchip/xc32/v1.44/bin/bin/../../lib/gcc/pic32mx/4.8.3/../../../../pic32mx/lib\libpic32.a(vector49.o)
                0x9fc01820                __vector_dispatch_49
                0x00000001                ASSERT (((_vector_spacing == 0x0) || (SIZEOF (.vector_49) <= (_vector_spacing << 0x5))), function at exception vector 49 too large)

.vector_50      0x9fc01840        0x8
 *(.vector_50)
 .vector_50     0x9fc01840        0x8 c:/program files (x86)/microchip/xc32/v1.44/bin/bin/../../lib/gcc/pic32mx/4.8.3/../../../../pic32mx/lib\libpic32.a(vector50.o)
                0x9fc01840                __vector_dispatch_50
                0x00000001                ASSERT (((_vector_spacing == 0x0) || (SIZEOF (.vector_50) <= (_vector_spacing << 0x5))), function at exception vector 50 too large)

.vector_51      0x9fc01860       0x10
 *(.vector_51)
 .vector_51     0x9fc01860        0x8 build/innoGateway2_base/debug/_ext/1332166779/system_interrupt.o
                0x9fc01860                __vector_dispatch_51
 .vector_51     0x9fc01868        0x8 build/innoGateway2_base/debug/_ext/1360937237/app.o
                0x00000001                ASSERT (((_vector_spacing == 0x0) || (SIZEOF (.vector_51) <= (_vector_spacing << 0x5))), function at exception vector 51 too large)

.vector_52      0x9fc01880        0x0
 *(.vector_52)
                0x00000001                ASSERT (((_vector_spacing == 0x0) || (SIZEOF (.vector_52) <= (_vector_spacing << 0x5))), function at exception vector 52 too large)

.vector_53      0x9fc018a0        0x0
 *(.vector_53)
                0x00000001                ASSERT (((_vector_spacing == 0x0) || (SIZEOF (.vector_53) <= (_vector_spacing << 0x5))), function at exception vector 53 too large)

.vector_54      0x9fc018c0        0x0
 *(.vector_54)
                0x00000001                ASSERT (((_vector_spacing == 0x0) || (SIZEOF (.vector_54) <= (_vector_spacing << 0x5))), function at exception vector 54 too large)

.vector_55      0x9fc018e0        0x0
 *(.vector_55)
                0x00000001                ASSERT (((_vector_spacing == 0x0) || (SIZEOF (.vector_55) <= (_vector_spacing << 0x5))), function at exception vector 55 too large)

.vector_56      0x9fc01900        0x0
 *(.vector_56)
                0x00000001                ASSERT (((_vector_spacing == 0x0) || (SIZEOF (.vector_56) <= (_vector_spacing << 0x5))), function at exception vector 56 too large)

.vector_57      0x9fc01920        0x0
 *(.vector_57)
                0x00000001                ASSERT (((_vector_spacing == 0x0) || (SIZEOF (.vector_57) <= (_vector_spacing << 0x5))), function at exception vector 57 too large)

.vector_58      0x9fc01940        0x0
 *(.vector_58)
                0x00000001                ASSERT (((_vector_spacing == 0x0) || (SIZEOF (.vector_58) <= (_vector_spacing << 0x5))), function at exception vector 58 too large)

.vector_59      0x9fc01960        0x0
 *(.vector_59)
                0x00000001                ASSERT (((_vector_spacing == 0x0) || (SIZEOF (.vector_59) <= (_vector_spacing << 0x5))), function at exception vector 59 too large)

.vector_60      0x9fc01980        0x0
 *(.vector_60)
                0x00000001                ASSERT (((_vector_spacing == 0x0) || (SIZEOF (.vector_60) <= (_vector_spacing << 0x5))), function at exception vector 60 too large)

.vector_61      0x9fc019a0        0x0
 *(.vector_61)
                0x00000001                ASSERT (((_vector_spacing == 0x0) || (SIZEOF (.vector_61) <= (_vector_spacing << 0x5))), function at exception vector 61 too large)

.vector_62      0x9fc019c0        0x0
 *(.vector_62)
                0x00000001                ASSERT (((_vector_spacing == 0x0) || (SIZEOF (.vector_62) <= (_vector_spacing << 0x5))), function at exception vector 62 too large)

.vector_63      0x9fc019e0        0x0
 *(.vector_63)
                0x00000001                ASSERT (((_vector_spacing == 0x0) || (SIZEOF (.vector_63) <= (_vector_spacing << 0x5))), function at exception vector 63 too large)

.startup
 *(.startup)

.text           0x9d000000        0x0
 *(.stub .gnu.linkonce.t.*)
 *(.text.*personality*)
 *(.mips16.fn.*)
 *(.mips16.call.*)
 *(.gnu.warning)
                0x9d000000                . = ALIGN (0x4)

.init           0x9d000000        0x0
 *crti.o(.init)
 *crtbegin.o(.init)
 *(EXCLUDE_FILE(*crtn.o *crtend?.o *crtend.o) .init)
 *crtend.o(.init)
 *crtn.o(.init)
                0x9d000000                . = ALIGN (0x4)

.fini           0x9d000000        0x0
 *(.fini)
                0x9d000000                . = ALIGN (0x4)

.preinit_array  0x9d000000        0x0
                0x9d000000                PROVIDE (__preinit_array_start, .)
 *(.preinit_array)
                0x9d000000                PROVIDE (__preinit_array_end, .)
                0x9d000000                . = ALIGN (0x4)

.init_array     0x9d000000        0x0
                0x9d000000                PROVIDE (__init_array_start, .)
 *(SORT(.init_array.*))
 *(.init_array)
                0x9d000000                PROVIDE (__init_array_end, .)
                0x9d000000                . = ALIGN (0x4)

.fini_array     0x9d000000        0x0
                0x9d000000                PROVIDE (__fini_array_start, .)
 *(SORT(.fini_array.*))
 *(.fini_array)
                0x9d000000                PROVIDE (__fini_array_end, .)
                0x9d000000                . = ALIGN (0x4)

.ctors          0x9d000000        0x0
 *crtbegin.o(.ctors)
 *crtbegin?.o(.ctors)
 *(EXCLUDE_FILE(*crtend?.o *crtend.o) .ctors)
 *(SORT(.ctors.*))
 *(.ctors)
                0x9d000000                . = ALIGN (0x4)

.dtors          0x9d000000        0x0
 *crtbegin.o(.dtors)
 *crtbegin?.o(.dtors)
 *(EXCLUDE_FILE(*crtend?.o *crtend.o) .dtors)
 *(SORT(.dtors.*))
 *(.dtors)
                0x9d000000                . = ALIGN (0x4)

.rodata         0x9d000000        0x0
 *(.gnu.linkonce.r.*)
 *(.rodata1)
                0x9d000000                . = ALIGN (0x4)

.sdata2         0x9fc00490        0x0
 *(.sdata2 .sdata2.* .gnu.linkonce.s2.*)
                0x9fc00490                . = ALIGN (0x4)

.sbss2          0x9fc00490        0x0
 *(.sbss2 .sbss2.* .gnu.linkonce.sb2.*)
                0x9fc00490                . = ALIGN (0x4)

.eh_frame_hdr
 *(.eh_frame_hdr)
                0x9fc00490                . = ALIGN (0x4)

.eh_frame
 *(.eh_frame)
                0x9fc00490                . = ALIGN (0x4)

.gcc_except_table
 *(.gcc_except_table .gcc_except_table.*)
                0x9fc00490                . = ALIGN (0x4)

.dbg_data       0xa0000000      0x200
                0xa0000000                . = (. + DEFINED (_DEBUGGER)?0x200:0x0)
 *fill*         0xa0000000      0x200 

.jcr            0xa0000200        0x0
 *(.jcr)
                0xa0000200                . = ALIGN (0x4)

.eh_frame
 *(.eh_frame)
                0xa0000200                . = ALIGN (0x4)

.gcc_except_table
 *(.gcc_except_table .gcc_except_table.*)
                0xa0000200                . = ALIGN (0x4)

.persist        0xa0000200        0x0
                0xa0000200                _persist_begin = .
 *(.persist .persist.*)
 *(.pbss .pbss.*)
                0xa0000200                . = ALIGN (0x4)
                0xa0000200                _persist_end = .

.data           0xa0000200        0x0
 *(.gnu.linkonce.d.*)
 *(.data1)
                0xa0000200                . = ALIGN (0x4)
                0xa0000200                . = .
                0xa00081f0                _gp = (ALIGN (0x10) + 0x7ff0)

.got            0xa0000200        0x0
 *(.got.plt)
 *(.got)
                0xa0000200                . = ALIGN (0x4)

.sdata          0xa0000200        0x0
                0xa0000200                _sdata_begin = .
 *(.sdata .sdata.* .gnu.linkonce.s.*)
                0xa0000200                . = ALIGN (0x4)
                0xa0000200                _sdata_end = .

.lit8
 *(.lit8)

.lit4
 *(.lit4)
                0xa0000200                . = ALIGN (0x4)
                0xa0000200                _data_end = .
                0xa0000200                _bss_begin = .

.sbss           0xa0000200       0x9c
                0xa0000200                _sbss_begin = .
 *(.dynsbss)
 *(.sbss .sbss.* .gnu.linkonce.sb.*)
 .sbss          0xa0000200        0x4 build/innoGateway2_base/debug/_ext/1834457159/drv_can_static.o
 .sbss          0xa0000204        0x1 build/innoGateway2_base/debug/_ext/715447426/drv_tmr_static.o
 .sbss          0xa0000205        0x1 build/innoGateway2_base/debug/_ext/1332166779/system_interrupt.o
                0xa0000205                count
 *fill*         0xa0000206        0x2 
 .sbss          0xa0000208        0xc build/innoGateway2_base/debug/_ext/1332166779/system_exceptions.o
 .sbss          0xa0000214        0x8 build/innoGateway2_base/debug/_ext/1360937237/app.o
                0xa0000214                m
                0xa0000218                stateA
 .sbss          0xa000021c        0x7 build/innoGateway2_base/debug/_ext/1360937237/IRMA.o
                0xa000021c                commandResponseTimeOutFlag
                0xa000021d                commandResponseTimerEnable
                0xa000021e                commandResponseTimer
                0xa000021f                irmaCanTransmitBufferR
                0xa0000220                irmaCanTransmitBufferW
                0xa0000221                irmaCanReceiveBufferR
                0xa0000222                irmaCanReceiveBufferW
 *fill*         0xa0000223        0x1 
 .sbss          0xa0000224        0x6 build/innoGateway2_base/debug/_ext/1360937237/i2c_eeprom.o
                0xa0000226                I2C_24FC1025_Control_Byte
 *fill*         0xa000022a        0x2 
 .sbss          0xa000022c        0x4 build/innoGateway2_base/debug/_ext/108923032/drv_i2c.o
 *(.scommon)
 .scommon       0xa0000230        0x8 build/innoGateway2_base/debug/_ext/1960096935/sys_devcon.o
                0xa0000230                sysDevconObj
 .scommon       0xa0000238       0x10 build/innoGateway2_base/debug/_ext/1360937237/app.o
                0xa0000238                currentTime
                0xa000023c                statusDataBuffer
                0xa0000244                sysTime_str
 .scommon       0xa0000248        0xc build/innoGateway2_base/debug/_ext/1360937237/IRMA.o
                0xa0000248                debugForTransmittedCanFramesCount
                0xa000024c                debugForProccessingCanFrameCount
                0xa0000250                debugForReceivedCanFramesCount
 .scommon       0xa0000254        0x4 build/innoGateway2_base/debug/_ext/1360937237/i2c_eeprom.o
                0xa0000254                i
 .scommon       0xa0000258       0x30 build/innoGateway2_base/debug/_ext/1360937237/timerDefinitions.o
                0xa0000258                debounceTimer
                0xa0000260                systemCheckTimer
                0xa0000268                uart_1_DataSendTimeoutTimer
                0xa0000270                eepromControlTimer
                0xa0000278                eepromTimeoutTimer
                0xa0000280                uart_5_DataSendTimeoutTimer
 .scommon       0xa0000288        0xc build/innoGateway2_base/debug/_ext/1360937237/uart.o
                0xa0000288                USART_1_Handle
                0xa000028c                USART_5_Handle
                0xa0000290                USART_2_Handle
 .scommon       0xa0000294        0x7 build/innoGateway2_base/debug/_ext/108923032/drv_i2c.o
                0xa0000294                starttime
                0xa0000298                gDrvI2CCommonDataObj
                0xa000029b                _sbss_end = .
                0xa000029c                . = ALIGN (0x4)
 *fill*         0xa000029b        0x1 

.bss            0xa000029c     0x1850
 *(.dynbss)
 *(COMMON)
 COMMON         0xa000029c       0x30 build/innoGateway2_base/debug/_ext/124120942/drv_usart_static.o
                0xa000029c                gDrvUSART0Obj
                0xa00002ac                gDrvUSART2Obj
                0xa00002bc                gDrvUSART1Obj
 COMMON         0xa00002cc       0x14 build/innoGateway2_base/debug/_ext/1332166779/system_init.o
                0xa00002cc                sysObj
 COMMON         0xa00002e0      0x2d4 build/innoGateway2_base/debug/_ext/1360937237/app.o
                0xa00002e0                sysData
                0xa0000570                countDataBuffer
                0xa0000580                SYSTEM_PARAMETERS
                0xa0000590                info
 COMMON         0xa00005b4      0x5ac build/innoGateway2_base/debug/_ext/1360937237/IRMA.o
                0xa00005b4                sensorList
                0xa00006c4                irmaCanTransmitBuffer
                0xa00008c4                sensorAddressList
                0xa00008d4                commandResponseBuffer
                0xa0000920                irmaCanReceiveBuffer
                0xa0000b20                irmaConfigurationDataBuffer
 COMMON         0xa0000b60      0x11c build/innoGateway2_base/debug/_ext/1360937237/i2c_eeprom.o
                0xa0000b60                i2cWriteBuffer
                0xa0000be0                i2cData
                0xa0000bfc                i2cReadBuffer
 COMMON         0xa0000c7c      0xe70 build/innoGateway2_base/debug/_ext/1360937237/uart.o
                0xa0000c7c                UART_2
                0xa000114c                UART_5
                0xa000161c                UART_1
                0xa0001aec                . = ALIGN ((. != 0x0)?0x4:0x1)
                0xa0001aec                . = ALIGN (0x4)
                0xa0001aec                _end = .
                0xa0001aec                _bss_end = .
                0x00020000                _bmxdudba_address = 0x20000
                0x00020000                _bmxdupba_address = 0x20000

/DISCARD/
 *(.pdr)
 *(.rel.dyn)
 *(.note.GNU-stack)
 *(.note.GNU-stack)
 *(.gnu_debuglink)
 *(.gnu.lto_*)
 *(.discard)

.gptab.sdata
 *(.gptab.data)
 *(.gptab.sdata)

.gptab.sbss
 *(.gptab.bss)
 *(.gptab.sbss)

.mdebug.abi32   0xa0001aec        0x0
 *(.mdebug.abi32)
 .mdebug.abi32  0xa0001aec        0x0 c:/program files (x86)/microchip/xc32/v1.44/bin/bin/../../lib/gcc/pic32mx/4.8.3/../../../../pic32mx/lib\software-debug-break.o
 .mdebug.abi32  0xa0001aec        0x0 build/innoGateway2_base/debug/_ext/1756686434/sys_wdt.o
 .mdebug.abi32  0xa0001aec        0x0 build/innoGateway2_base/debug/_ext/797593781/bsp.o
 .mdebug.abi32  0xa0001aec        0x0 build/innoGateway2_base/debug/_ext/1834457159/drv_can_mapping.o
 .mdebug.abi32  0xa0001aec        0x0 build/innoGateway2_base/debug/_ext/1834457159/drv_can_static.o
 .mdebug.abi32  0xa0001aec        0x0 build/innoGateway2_base/debug/_ext/715447426/drv_tmr_static.o
 .mdebug.abi32  0xa0001aec        0x0 build/innoGateway2_base/debug/_ext/715447426/drv_tmr_mapping.o
 .mdebug.abi32  0xa0001aec        0x0 build/innoGateway2_base/debug/_ext/124120942/drv_usart_mapping.o
 .mdebug.abi32  0xa0001aec        0x0 build/innoGateway2_base/debug/_ext/124120942/drv_usart_static.o
 .mdebug.abi32  0xa0001aec        0x0 build/innoGateway2_base/debug/_ext/124120942/drv_usart_static_byte_model.o
 .mdebug.abi32  0xa0001aec        0x0 build/innoGateway2_base/debug/_ext/1532472558/sys_clk_pic32mx.o
 .mdebug.abi32  0xa0001aec        0x0 build/innoGateway2_base/debug/_ext/1960096935/sys_devcon.o
 .mdebug.abi32  0xa0001aec        0x0 build/innoGateway2_base/debug/_ext/1960096935/sys_devcon_pic32mx.o
 .mdebug.abi32  0xa0001aec        0x0 build/innoGateway2_base/debug/_ext/1024927934/sys_ports_static.o
 .mdebug.abi32  0xa0001aec        0x0 build/innoGateway2_base/debug/_ext/1332166779/system_init.o
 .mdebug.abi32  0xa0001aec        0x0 build/innoGateway2_base/debug/_ext/1332166779/system_interrupt.o
 .mdebug.abi32  0xa0001aec        0x0 build/innoGateway2_base/debug/_ext/1332166779/system_exceptions.o
 .mdebug.abi32  0xa0001aec        0x0 build/innoGateway2_base/debug/_ext/1332166779/system_tasks.o
 .mdebug.abi32  0xa0001aec        0x0 build/innoGateway2_base/debug/_ext/1360937237/app.o
 .mdebug.abi32  0xa0001aec        0x0 build/innoGateway2_base/debug/_ext/1360937237/main.o
 .mdebug.abi32  0xa0001aec        0x0 build/innoGateway2_base/debug/_ext/1360937237/IRMA.o
 .mdebug.abi32  0xa0001aec        0x0 build/innoGateway2_base/debug/_ext/1360937237/errorCheck.o
 .mdebug.abi32  0xa0001aec        0x0 build/innoGateway2_base/debug/_ext/1360937237/fifoBuffer.o
 .mdebug.abi32  0xa0001aec        0x0 build/innoGateway2_base/debug/_ext/1360937237/helper.o
 .mdebug.abi32  0xa0001aec        0x0 build/innoGateway2_base/debug/_ext/1360937237/i2c_eeprom.o
 .mdebug.abi32  0xa0001aec        0x0 build/innoGateway2_base/debug/_ext/1360937237/timerDefinitions.o
 .mdebug.abi32  0xa0001aec        0x0 build/innoGateway2_base/debug/_ext/1360937237/uart.o
 .mdebug.abi32  0xa0001aec        0x0 build/innoGateway2_base/debug/_ext/1360937237/uart_protocol_handler.o
 .mdebug.abi32  0xa0001aec        0x0 build/innoGateway2_base/debug/_ext/108923032/drv_i2c.o
 .mdebug.abi32  0xa0001aec        0x0 build/innoGateway2_base/debug/_ext/1082766828/sys_int_pic32.o
 .mdebug.abi32  0xa0001aec        0x0 c:/program files (x86)/microchip/xc32/v1.44/bin/bin/../../lib/gcc/pic32mx/4.8.3/../../../../pic32mx/lib\libpic32.a(default-bootstrap-exception-handler.o)
 .mdebug.abi32  0xa0001aec        0x0 c:/program files (x86)/microchip/xc32/v1.44/bin/bin/../../lib/gcc/pic32mx/4.8.3/../../../../pic32mx/lib\libpic32.a(default-on-reset.o)
 .mdebug.abi32  0xa0001aec        0x0 c:/program files (x86)/microchip/xc32/v1.44/bin/bin/../../lib/gcc/pic32mx/4.8.3/../../../../pic32mx/lib\libpic32.a(default-on-bootstrap.o)
 .mdebug.abi32  0xa0001aec        0x0 c:/program files (x86)/microchip/xc32/v1.44/bin/bin/../../lib/gcc/pic32mx/4.8.3/../../../../pic32mx/lib\libpic32.a(defaultinterrupt.o)
 .mdebug.abi32  0xa0001aec        0x0 c:/program files (x86)/microchip/xc32/v1.44/bin/bin/../../lib/gcc/pic32mx/4.8.3/../../../../pic32mx/lib\libc.a(ctime.o)
 .mdebug.abi32  0xa0001aec        0x0 c:/program files (x86)/microchip/xc32/v1.44/bin/bin/../../lib/gcc/pic32mx/4.8.3/../../../../pic32mx/lib\libc.a(mktime.o)

.mdebug.abiN32
 *(.mdebug.abiN32)

.mdebug.abi64
 *(.mdebug.abi64)

.mdebug.abiO64
 *(.mdebug.abiO64)

.mdebug.eabi32
 *(.mdebug.eabi32)

.mdebug.eabi64
 *(.mdebug.eabi64)

.gcc_compiled_long32
 *(.gcc_compiled_long32)

.gcc_compiled_long64
 *(.gcc_compiled_long64)

.stab
 *(.stab)

.stabstr
 *(.stabstr)

.stab.excl
 *(.stab.excl)

.stab.exclstr
 *(.stab.exclstr)

.stab.index
 *(.stab.index)

.stab.indexstr
 *(.stab.indexstr)

.comment        0x00000000       0x3c
 *(.comment)
 .comment       0x00000000       0x3c c:/program files (x86)/microchip/xc32/v1.44/bin/bin/../../lib/gcc/pic32mx/4.8.3/../../../../pic32mx/lib\software-debug-break.o
                                 0x3d (size before relaxing)
 .comment       0x00000000       0x3d build/innoGateway2_base/debug/_ext/1756686434/sys_wdt.o
 .comment       0x00000000       0x3d build/innoGateway2_base/debug/_ext/797593781/bsp.o
 .comment       0x00000000       0x3d build/innoGateway2_base/debug/_ext/1834457159/drv_can_mapping.o
 .comment       0x00000000       0x3d build/innoGateway2_base/debug/_ext/1834457159/drv_can_static.o
 .comment       0x00000000       0x3d build/innoGateway2_base/debug/_ext/715447426/drv_tmr_static.o
 .comment       0x00000000       0x3d build/innoGateway2_base/debug/_ext/715447426/drv_tmr_mapping.o
 .comment       0x00000000       0x3d build/innoGateway2_base/debug/_ext/124120942/drv_usart_mapping.o
 .comment       0x00000000       0x3d build/innoGateway2_base/debug/_ext/124120942/drv_usart_static.o
 .comment       0x00000000       0x3d build/innoGateway2_base/debug/_ext/124120942/drv_usart_static_byte_model.o
 .comment       0x00000000       0x3d build/innoGateway2_base/debug/_ext/1532472558/sys_clk_pic32mx.o
 .comment       0x00000000       0x3d build/innoGateway2_base/debug/_ext/1960096935/sys_devcon.o
 .comment       0x00000000       0x3d build/innoGateway2_base/debug/_ext/1960096935/sys_devcon_pic32mx.o
 .comment       0x00000000       0x3d build/innoGateway2_base/debug/_ext/1024927934/sys_ports_static.o
 .comment       0x00000000       0x3d build/innoGateway2_base/debug/_ext/1332166779/system_init.o
 .comment       0x00000000       0x3d build/innoGateway2_base/debug/_ext/1332166779/system_interrupt.o
 .comment       0x00000000       0x3d build/innoGateway2_base/debug/_ext/1332166779/system_exceptions.o
 .comment       0x00000000       0x3d build/innoGateway2_base/debug/_ext/1332166779/system_tasks.o
 .comment       0x00000000       0x3d build/innoGateway2_base/debug/_ext/1360937237/app.o
 .comment       0x00000000       0x3d build/innoGateway2_base/debug/_ext/1360937237/main.o
 .comment       0x00000000       0x3d build/innoGateway2_base/debug/_ext/1360937237/IRMA.o
 .comment       0x00000000       0x3d build/innoGateway2_base/debug/_ext/1360937237/errorCheck.o
 .comment       0x00000000       0x3d build/innoGateway2_base/debug/_ext/1360937237/fifoBuffer.o
 .comment       0x00000000       0x3d build/innoGateway2_base/debug/_ext/1360937237/helper.o
 .comment       0x00000000       0x3d build/innoGateway2_base/debug/_ext/1360937237/i2c_eeprom.o
 .comment       0x00000000       0x3d build/innoGateway2_base/debug/_ext/1360937237/timerDefinitions.o
 .comment       0x00000000       0x3d build/innoGateway2_base/debug/_ext/1360937237/uart.o
 .comment       0x00000000       0x3d build/innoGateway2_base/debug/_ext/1360937237/uart_protocol_handler.o
 .comment       0x00000000       0x3d build/innoGateway2_base/debug/_ext/108923032/drv_i2c.o
 .comment       0x00000000       0x3d build/innoGateway2_base/debug/_ext/1082766828/sys_int_pic32.o
 .comment       0x00000000       0x3d c:/program files (x86)/microchip/xc32/v1.44/bin/bin/../../lib/gcc/pic32mx/4.8.3/../../../../pic32mx/lib\libpic32.a(default-bootstrap-exception-handler.o)
 .comment       0x00000000       0x3d c:/program files (x86)/microchip/xc32/v1.44/bin/bin/../../lib/gcc/pic32mx/4.8.3/../../../../pic32mx/lib\libpic32.a(default-on-reset.o)
 .comment       0x00000000       0x3d c:/program files (x86)/microchip/xc32/v1.44/bin/bin/../../lib/gcc/pic32mx/4.8.3/../../../../pic32mx/lib\libpic32.a(default-on-bootstrap.o)
 .comment       0x00000000       0x3d c:/program files (x86)/microchip/xc32/v1.44/bin/bin/../../lib/gcc/pic32mx/4.8.3/../../../../pic32mx/lib\libpic32.a(defaultinterrupt.o)
 .comment       0x00000000       0x3d c:/program files (x86)/microchip/xc32/v1.44/bin/bin/../../lib/gcc/pic32mx/4.8.3/../../../../pic32mx/lib\libc.a(ctime.o)
 .comment       0x00000000       0x3d c:/program files (x86)/microchip/xc32/v1.44/bin/bin/../../lib/gcc/pic32mx/4.8.3/../../../../pic32mx/lib\libc.a(mktime.o)

.debug
 *(.debug)

.line
 *(.line)

.debug_srcinfo
 *(.debug_srcinfo)

.debug_sfnames
 *(.debug_sfnames)

.debug_aranges  0x00000000      0xfb8
 *(.debug_aranges)
 .debug_aranges
                0x00000000       0x20 c:/program files (x86)/microchip/xc32/v1.44/bin/bin/../../lib/gcc/pic32mx/4.8.3/../../../../pic32mx/lib\software-debug-break.o
 .debug_aranges
                0x00000020       0x30 build/innoGateway2_base/debug/_ext/1756686434/sys_wdt.o
 .debug_aranges
                0x00000050       0x48 build/innoGateway2_base/debug/_ext/797593781/bsp.o
 .debug_aranges
                0x00000098       0x48 build/innoGateway2_base/debug/_ext/1834457159/drv_can_mapping.o
 .debug_aranges
                0x000000e0       0x48 build/innoGateway2_base/debug/_ext/1834457159/drv_can_static.o
 .debug_aranges
                0x00000128       0x90 build/innoGateway2_base/debug/_ext/715447426/drv_tmr_static.o
 .debug_aranges
                0x000001b8       0xe8 build/innoGateway2_base/debug/_ext/715447426/drv_tmr_mapping.o
 .debug_aranges
                0x000002a0       0xc8 build/innoGateway2_base/debug/_ext/124120942/drv_usart_mapping.o
 .debug_aranges
                0x00000368      0x1b0 build/innoGateway2_base/debug/_ext/124120942/drv_usart_static.o
 .debug_aranges
                0x00000518       0xf0 build/innoGateway2_base/debug/_ext/124120942/drv_usart_static_byte_model.o
 .debug_aranges
                0x00000608       0x50 build/innoGateway2_base/debug/_ext/1532472558/sys_clk_pic32mx.o
 .debug_aranges
                0x00000658       0x78 build/innoGateway2_base/debug/_ext/1960096935/sys_devcon.o
 .debug_aranges
                0x000006d0       0x20 build/innoGateway2_base/debug/_ext/1960096935/sys_devcon_pic32mx.o
 .debug_aranges
                0x000006f0      0x148 build/innoGateway2_base/debug/_ext/1024927934/sys_ports_static.o
 .debug_aranges
                0x00000838       0x20 build/innoGateway2_base/debug/_ext/1332166779/system_init.o
 .debug_aranges
                0x00000858       0x50 build/innoGateway2_base/debug/_ext/1332166779/system_interrupt.o
 .debug_aranges
                0x000008a8       0x20 build/innoGateway2_base/debug/_ext/1332166779/system_exceptions.o
 .debug_aranges
                0x000008c8       0x20 build/innoGateway2_base/debug/_ext/1332166779/system_tasks.o
 .debug_aranges
                0x000008e8      0x108 build/innoGateway2_base/debug/_ext/1360937237/app.o
 .debug_aranges
                0x000009f0       0x20 build/innoGateway2_base/debug/_ext/1360937237/main.o
 .debug_aranges
                0x00000a10      0x178 build/innoGateway2_base/debug/_ext/1360937237/IRMA.o
 .debug_aranges
                0x00000b88       0x20 build/innoGateway2_base/debug/_ext/1360937237/errorCheck.o
 .debug_aranges
                0x00000ba8       0x38 build/innoGateway2_base/debug/_ext/1360937237/fifoBuffer.o
 .debug_aranges
                0x00000be0       0x30 build/innoGateway2_base/debug/_ext/1360937237/helper.o
 .debug_aranges
                0x00000c10       0x38 build/innoGateway2_base/debug/_ext/1360937237/i2c_eeprom.o
 .debug_aranges
                0x00000c48       0x68 build/innoGateway2_base/debug/_ext/1360937237/timerDefinitions.o
 .debug_aranges
                0x00000cb0       0x98 build/innoGateway2_base/debug/_ext/1360937237/uart.o
 .debug_aranges
                0x00000d48       0x40 build/innoGateway2_base/debug/_ext/1360937237/uart_protocol_handler.o
 .debug_aranges
                0x00000d88      0x108 build/innoGateway2_base/debug/_ext/108923032/drv_i2c.o
 .debug_aranges
                0x00000e90       0x48 build/innoGateway2_base/debug/_ext/1082766828/sys_int_pic32.o
 .debug_aranges
                0x00000ed8       0x20 c:/program files (x86)/microchip/xc32/v1.44/bin/bin/../../lib/gcc/pic32mx/4.8.3/../../../../pic32mx/lib\libpic32.a(default-bootstrap-exception-handler.o)
 .debug_aranges
                0x00000ef8       0x20 c:/program files (x86)/microchip/xc32/v1.44/bin/bin/../../lib/gcc/pic32mx/4.8.3/../../../../pic32mx/lib\libpic32.a(default-on-reset.o)
 .debug_aranges
                0x00000f18       0x20 c:/program files (x86)/microchip/xc32/v1.44/bin/bin/../../lib/gcc/pic32mx/4.8.3/../../../../pic32mx/lib\libpic32.a(default-on-bootstrap.o)
 .debug_aranges
                0x00000f38       0x20 c:/program files (x86)/microchip/xc32/v1.44/bin/bin/../../lib/gcc/pic32mx/4.8.3/../../../../pic32mx/lib\libpic32.a(defaultinterrupt.o)
 .debug_aranges
                0x00000f58       0x40 c:/program files (x86)/microchip/xc32/v1.44/bin/bin/../../lib/gcc/pic32mx/4.8.3/../../../../pic32mx/lib\libc.a(ctime.o)
 .debug_aranges
                0x00000f98       0x20 c:/program files (x86)/microchip/xc32/v1.44/bin/bin/../../lib/gcc/pic32mx/4.8.3/../../../../pic32mx/lib\libc.a(mktime.o)

.debug_pubnames
 *(.debug_pubnames)

.debug_info     0x00000000    0x53706
 *(.debug_info .gnu.linkonce.wi.*)
 .debug_info    0x00000000       0xe4 c:/program files (x86)/microchip/xc32/v1.44/bin/bin/../../lib/gcc/pic32mx/4.8.3/../../../../pic32mx/lib\software-debug-break.o
 .debug_info    0x000000e4      0x639 build/innoGateway2_base/debug/_ext/1756686434/sys_wdt.o
 .debug_info    0x0000071d      0xc1d build/innoGateway2_base/debug/_ext/797593781/bsp.o
 .debug_info    0x0000133a     0x124d build/innoGateway2_base/debug/_ext/1834457159/drv_can_mapping.o
 .debug_info    0x00002587     0x6113 build/innoGateway2_base/debug/_ext/1834457159/drv_can_static.o
 .debug_info    0x0000869a     0x3eb5 build/innoGateway2_base/debug/_ext/715447426/drv_tmr_static.o
 .debug_info    0x0000c54f     0x198f build/innoGateway2_base/debug/_ext/715447426/drv_tmr_mapping.o
 .debug_info    0x0000dede     0x26c5 build/innoGateway2_base/debug/_ext/124120942/drv_usart_mapping.o
 .debug_info    0x000105a3     0x5fbd build/innoGateway2_base/debug/_ext/124120942/drv_usart_static.o
 .debug_info    0x00016560     0x2a27 build/innoGateway2_base/debug/_ext/124120942/drv_usart_static_byte_model.o
 .debug_info    0x00018f87     0x1674 build/innoGateway2_base/debug/_ext/1532472558/sys_clk_pic32mx.o
 .debug_info    0x0001a5fb     0x17ab build/innoGateway2_base/debug/_ext/1960096935/sys_devcon.o
 .debug_info    0x0001bda6     0x18d7 build/innoGateway2_base/debug/_ext/1960096935/sys_devcon_pic32mx.o
 .debug_info    0x0001d67d     0x5682 build/innoGateway2_base/debug/_ext/1024927934/sys_ports_static.o
 .debug_info    0x00022cff     0x2f87 build/innoGateway2_base/debug/_ext/1332166779/system_init.o
 .debug_info    0x00025c86     0x548c build/innoGateway2_base/debug/_ext/1332166779/system_interrupt.o
 .debug_info    0x0002b112      0xd18 build/innoGateway2_base/debug/_ext/1332166779/system_exceptions.o
 .debug_info    0x0002be2a      0xad6 build/innoGateway2_base/debug/_ext/1332166779/system_tasks.o
 .debug_info    0x0002c900     0x837c build/innoGateway2_base/debug/_ext/1360937237/app.o
 .debug_info    0x00034c7c      0x1b9 build/innoGateway2_base/debug/_ext/1360937237/main.o
 .debug_info    0x00034e35     0x66f6 build/innoGateway2_base/debug/_ext/1360937237/IRMA.o
 .debug_info    0x0003b52b     0x38fc build/innoGateway2_base/debug/_ext/1360937237/errorCheck.o
 .debug_info    0x0003ee27      0x2d4 build/innoGateway2_base/debug/_ext/1360937237/fifoBuffer.o
 .debug_info    0x0003f0fb      0x20b build/innoGateway2_base/debug/_ext/1360937237/helper.o
 .debug_info    0x0003f306     0x1a84 build/innoGateway2_base/debug/_ext/1360937237/i2c_eeprom.o
 .debug_info    0x00040d8a     0x257a build/innoGateway2_base/debug/_ext/1360937237/timerDefinitions.o
 .debug_info    0x00043304     0x1b7b build/innoGateway2_base/debug/_ext/1360937237/uart.o
 .debug_info    0x00044e7f     0x395d build/innoGateway2_base/debug/_ext/1360937237/uart_protocol_handler.o
 .debug_info    0x000487dc     0x93ab build/innoGateway2_base/debug/_ext/108923032/drv_i2c.o
 .debug_info    0x00051b87     0x15c2 build/innoGateway2_base/debug/_ext/1082766828/sys_int_pic32.o
 .debug_info    0x00053149       0xf5 c:/program files (x86)/microchip/xc32/v1.44/bin/bin/../../lib/gcc/pic32mx/4.8.3/../../../../pic32mx/lib\libpic32.a(default-bootstrap-exception-handler.o)
 .debug_info    0x0005323e       0xce c:/program files (x86)/microchip/xc32/v1.44/bin/bin/../../lib/gcc/pic32mx/4.8.3/../../../../pic32mx/lib\libpic32.a(default-on-reset.o)
 .debug_info    0x0005330c       0xd6 c:/program files (x86)/microchip/xc32/v1.44/bin/bin/../../lib/gcc/pic32mx/4.8.3/../../../../pic32mx/lib\libpic32.a(default-on-bootstrap.o)
 .debug_info    0x000533e2       0xe8 c:/program files (x86)/microchip/xc32/v1.44/bin/bin/../../lib/gcc/pic32mx/4.8.3/../../../../pic32mx/lib\libpic32.a(defaultinterrupt.o)
 .debug_info    0x000534ca      0x134 c:/program files (x86)/microchip/xc32/v1.44/bin/bin/../../lib/gcc/pic32mx/4.8.3/../../../../pic32mx/lib\libc.a(ctime.o)
 .debug_info    0x000535fe      0x108 c:/program files (x86)/microchip/xc32/v1.44/bin/bin/../../lib/gcc/pic32mx/4.8.3/../../../../pic32mx/lib\libc.a(mktime.o)

.debug_abbrev   0x00000000     0x4e08
 *(.debug_abbrev)
 .debug_abbrev  0x00000000       0x28 c:/program files (x86)/microchip/xc32/v1.44/bin/bin/../../lib/gcc/pic32mx/4.8.3/../../../../pic32mx/lib\software-debug-break.o
 .debug_abbrev  0x00000028      0x11c build/innoGateway2_base/debug/_ext/1756686434/sys_wdt.o
 .debug_abbrev  0x00000144      0x1a7 build/innoGateway2_base/debug/_ext/797593781/bsp.o
 .debug_abbrev  0x000002eb      0x1e9 build/innoGateway2_base/debug/_ext/1834457159/drv_can_mapping.o
 .debug_abbrev  0x000004d4      0x33e build/innoGateway2_base/debug/_ext/1834457159/drv_can_static.o
 .debug_abbrev  0x00000812      0x3cb build/innoGateway2_base/debug/_ext/715447426/drv_tmr_static.o
 .debug_abbrev  0x00000bdd      0x329 build/innoGateway2_base/debug/_ext/715447426/drv_tmr_mapping.o
 .debug_abbrev  0x00000f06      0x295 build/innoGateway2_base/debug/_ext/124120942/drv_usart_mapping.o
 .debug_abbrev  0x0000119b      0x4f2 build/innoGateway2_base/debug/_ext/124120942/drv_usart_static.o
 .debug_abbrev  0x0000168d      0x2c4 build/innoGateway2_base/debug/_ext/124120942/drv_usart_static_byte_model.o
 .debug_abbrev  0x00001951      0x2bf build/innoGateway2_base/debug/_ext/1532472558/sys_clk_pic32mx.o
 .debug_abbrev  0x00001c10      0x2af build/innoGateway2_base/debug/_ext/1960096935/sys_devcon.o
 .debug_abbrev  0x00001ebf      0x20f build/innoGateway2_base/debug/_ext/1960096935/sys_devcon_pic32mx.o
 .debug_abbrev  0x000020ce      0x2be build/innoGateway2_base/debug/_ext/1024927934/sys_ports_static.o
 .debug_abbrev  0x0000238c      0x316 build/innoGateway2_base/debug/_ext/1332166779/system_init.o
 .debug_abbrev  0x000026a2      0x363 build/innoGateway2_base/debug/_ext/1332166779/system_interrupt.o
 .debug_abbrev  0x00002a05      0x150 build/innoGateway2_base/debug/_ext/1332166779/system_exceptions.o
 .debug_abbrev  0x00002b55      0x127 build/innoGateway2_base/debug/_ext/1332166779/system_tasks.o
 .debug_abbrev  0x00002c7c      0x51a build/innoGateway2_base/debug/_ext/1360937237/app.o
 .debug_abbrev  0x00003196       0x93 build/innoGateway2_base/debug/_ext/1360937237/main.o
 .debug_abbrev  0x00003229      0x512 build/innoGateway2_base/debug/_ext/1360937237/IRMA.o
 .debug_abbrev  0x0000373b      0x26f build/innoGateway2_base/debug/_ext/1360937237/errorCheck.o
 .debug_abbrev  0x000039aa      0x12d build/innoGateway2_base/debug/_ext/1360937237/fifoBuffer.o
 .debug_abbrev  0x00003ad7       0xbd build/innoGateway2_base/debug/_ext/1360937237/helper.o
 .debug_abbrev  0x00003b94      0x2bb build/innoGateway2_base/debug/_ext/1360937237/i2c_eeprom.o
 .debug_abbrev  0x00003e4f      0x225 build/innoGateway2_base/debug/_ext/1360937237/timerDefinitions.o
 .debug_abbrev  0x00004074      0x257 build/innoGateway2_base/debug/_ext/1360937237/uart.o
 .debug_abbrev  0x000042cb      0x2e7 build/innoGateway2_base/debug/_ext/1360937237/uart_protocol_handler.o
 .debug_abbrev  0x000045b2      0x4b6 build/innoGateway2_base/debug/_ext/108923032/drv_i2c.o
 .debug_abbrev  0x00004a68      0x251 build/innoGateway2_base/debug/_ext/1082766828/sys_int_pic32.o
 .debug_abbrev  0x00004cb9       0x28 c:/program files (x86)/microchip/xc32/v1.44/bin/bin/../../lib/gcc/pic32mx/4.8.3/../../../../pic32mx/lib\libpic32.a(default-bootstrap-exception-handler.o)
 .debug_abbrev  0x00004ce1       0x28 c:/program files (x86)/microchip/xc32/v1.44/bin/bin/../../lib/gcc/pic32mx/4.8.3/../../../../pic32mx/lib\libpic32.a(default-on-reset.o)
 .debug_abbrev  0x00004d09       0x28 c:/program files (x86)/microchip/xc32/v1.44/bin/bin/../../lib/gcc/pic32mx/4.8.3/../../../../pic32mx/lib\libpic32.a(default-on-bootstrap.o)
 .debug_abbrev  0x00004d31       0x28 c:/program files (x86)/microchip/xc32/v1.44/bin/bin/../../lib/gcc/pic32mx/4.8.3/../../../../pic32mx/lib\libpic32.a(defaultinterrupt.o)
 .debug_abbrev  0x00004d59       0x7a c:/program files (x86)/microchip/xc32/v1.44/bin/bin/../../lib/gcc/pic32mx/4.8.3/../../../../pic32mx/lib\libc.a(ctime.o)
 .debug_abbrev  0x00004dd3       0x35 c:/program files (x86)/microchip/xc32/v1.44/bin/bin/../../lib/gcc/pic32mx/4.8.3/../../../../pic32mx/lib\libc.a(mktime.o)

.debug_line     0x00000000     0xaad8
 *(.debug_line)
 .debug_line    0x00000000       0x9a c:/program files (x86)/microchip/xc32/v1.44/bin/bin/../../lib/gcc/pic32mx/4.8.3/../../../../pic32mx/lib\software-debug-break.o
 .debug_line    0x0000009a      0x206 build/innoGateway2_base/debug/_ext/1756686434/sys_wdt.o
 .debug_line    0x000002a0      0x249 build/innoGateway2_base/debug/_ext/797593781/bsp.o
 .debug_line    0x000004e9      0x347 build/innoGateway2_base/debug/_ext/1834457159/drv_can_mapping.o
 .debug_line    0x00000830      0x80c build/innoGateway2_base/debug/_ext/1834457159/drv_can_static.o
 .debug_line    0x0000103c      0x6b9 build/innoGateway2_base/debug/_ext/715447426/drv_tmr_static.o
 .debug_line    0x000016f5      0x531 build/innoGateway2_base/debug/_ext/715447426/drv_tmr_mapping.o
 .debug_line    0x00001c26      0x54c build/innoGateway2_base/debug/_ext/124120942/drv_usart_mapping.o
 .debug_line    0x00002172      0xd4d build/innoGateway2_base/debug/_ext/124120942/drv_usart_static.o
 .debug_line    0x00002ebf      0x638 build/innoGateway2_base/debug/_ext/124120942/drv_usart_static_byte_model.o
 .debug_line    0x000034f7      0x46c build/innoGateway2_base/debug/_ext/1532472558/sys_clk_pic32mx.o
 .debug_line    0x00003963      0x697 build/innoGateway2_base/debug/_ext/1960096935/sys_devcon.o
 .debug_line    0x00003ffa      0x49c build/innoGateway2_base/debug/_ext/1960096935/sys_devcon_pic32mx.o
 .debug_line    0x00004496      0x884 build/innoGateway2_base/debug/_ext/1024927934/sys_ports_static.o
 .debug_line    0x00004d1a      0x7fd build/innoGateway2_base/debug/_ext/1332166779/system_init.o
 .debug_line    0x00005517      0x69c build/innoGateway2_base/debug/_ext/1332166779/system_interrupt.o
 .debug_line    0x00005bb3      0x19c build/innoGateway2_base/debug/_ext/1332166779/system_exceptions.o
 .debug_line    0x00005d4f      0x14c build/innoGateway2_base/debug/_ext/1332166779/system_tasks.o
 .debug_line    0x00005e9b      0xeaf build/innoGateway2_base/debug/_ext/1360937237/app.o
 .debug_line    0x00006d4a       0xc3 build/innoGateway2_base/debug/_ext/1360937237/main.o
 .debug_line    0x00006e0d      0xaba build/innoGateway2_base/debug/_ext/1360937237/IRMA.o
 .debug_line    0x000078c7      0x3b3 build/innoGateway2_base/debug/_ext/1360937237/errorCheck.o
 .debug_line    0x00007c7a       0xe6 build/innoGateway2_base/debug/_ext/1360937237/fifoBuffer.o
 .debug_line    0x00007d60       0xad build/innoGateway2_base/debug/_ext/1360937237/helper.o
 .debug_line    0x00007e0d      0x3aa build/innoGateway2_base/debug/_ext/1360937237/i2c_eeprom.o
 .debug_line    0x000081b7      0x326 build/innoGateway2_base/debug/_ext/1360937237/timerDefinitions.o
 .debug_line    0x000084dd      0x3cf build/innoGateway2_base/debug/_ext/1360937237/uart.o
 .debug_line    0x000088ac      0x5dd build/innoGateway2_base/debug/_ext/1360937237/uart_protocol_handler.o
 .debug_line    0x00008e89     0x1606 build/innoGateway2_base/debug/_ext/108923032/drv_i2c.o
 .debug_line    0x0000a48f      0x2d1 build/innoGateway2_base/debug/_ext/1082766828/sys_int_pic32.o
 .debug_line    0x0000a760       0xa7 c:/program files (x86)/microchip/xc32/v1.44/bin/bin/../../lib/gcc/pic32mx/4.8.3/../../../../pic32mx/lib\libpic32.a(default-bootstrap-exception-handler.o)
 .debug_line    0x0000a807       0x94 c:/program files (x86)/microchip/xc32/v1.44/bin/bin/../../lib/gcc/pic32mx/4.8.3/../../../../pic32mx/lib\libpic32.a(default-on-reset.o)
 .debug_line    0x0000a89b       0x98 c:/program files (x86)/microchip/xc32/v1.44/bin/bin/../../lib/gcc/pic32mx/4.8.3/../../../../pic32mx/lib\libpic32.a(default-on-bootstrap.o)
 .debug_line    0x0000a933       0xa6 c:/program files (x86)/microchip/xc32/v1.44/bin/bin/../../lib/gcc/pic32mx/4.8.3/../../../../pic32mx/lib\libpic32.a(defaultinterrupt.o)
 .debug_line    0x0000a9d9       0x7f c:/program files (x86)/microchip/xc32/v1.44/bin/bin/../../lib/gcc/pic32mx/4.8.3/../../../../pic32mx/lib\libc.a(ctime.o)
 .debug_line    0x0000aa58       0x80 c:/program files (x86)/microchip/xc32/v1.44/bin/bin/../../lib/gcc/pic32mx/4.8.3/../../../../pic32mx/lib\libc.a(mktime.o)

.debug_frame    0x00000000     0x2700
 *(.debug_frame)
 .debug_frame   0x00000000       0x20 c:/program files (x86)/microchip/xc32/v1.44/bin/bin/../../lib/gcc/pic32mx/4.8.3/../../../../pic32mx/lib\software-debug-break.o
 .debug_frame   0x00000020       0x40 build/innoGateway2_base/debug/_ext/1756686434/sys_wdt.o
 .debug_frame   0x00000060       0x70 build/innoGateway2_base/debug/_ext/797593781/bsp.o
 .debug_frame   0x000000d0       0xc8 build/innoGateway2_base/debug/_ext/1834457159/drv_can_mapping.o
 .debug_frame   0x00000198       0x70 build/innoGateway2_base/debug/_ext/1834457159/drv_can_static.o
 .debug_frame   0x00000208      0x108 build/innoGateway2_base/debug/_ext/715447426/drv_tmr_static.o
 .debug_frame   0x00000310      0x26c build/innoGateway2_base/debug/_ext/715447426/drv_tmr_mapping.o
 .debug_frame   0x0000057c      0x220 build/innoGateway2_base/debug/_ext/124120942/drv_usart_mapping.o
 .debug_frame   0x0000079c      0x448 build/innoGateway2_base/debug/_ext/124120942/drv_usart_static.o
 .debug_frame   0x00000be4      0x1c0 build/innoGateway2_base/debug/_ext/124120942/drv_usart_static_byte_model.o
 .debug_frame   0x00000da4       0xa0 build/innoGateway2_base/debug/_ext/1532472558/sys_clk_pic32mx.o
 .debug_frame   0x00000e44       0xe8 build/innoGateway2_base/debug/_ext/1960096935/sys_devcon.o
 .debug_frame   0x00000f2c       0x28 build/innoGateway2_base/debug/_ext/1960096935/sys_devcon_pic32mx.o
 .debug_frame   0x00000f54      0x270 build/innoGateway2_base/debug/_ext/1024927934/sys_ports_static.o
 .debug_frame   0x000011c4       0x2c build/innoGateway2_base/debug/_ext/1332166779/system_init.o
 .debug_frame   0x000011f0      0x26c build/innoGateway2_base/debug/_ext/1332166779/system_interrupt.o
 .debug_frame   0x0000145c       0x28 build/innoGateway2_base/debug/_ext/1332166779/system_exceptions.o
 .debug_frame   0x00001484       0x28 build/innoGateway2_base/debug/_ext/1332166779/system_tasks.o
 .debug_frame   0x000014ac      0x4b8 build/innoGateway2_base/debug/_ext/1360937237/app.o
 .debug_frame   0x00001964       0x28 build/innoGateway2_base/debug/_ext/1360937237/main.o
 .debug_frame   0x0000198c      0x460 build/innoGateway2_base/debug/_ext/1360937237/IRMA.o
 .debug_frame   0x00001dec       0x30 build/innoGateway2_base/debug/_ext/1360937237/errorCheck.o
 .debug_frame   0x00001e1c       0x5c build/innoGateway2_base/debug/_ext/1360937237/fifoBuffer.o
 .debug_frame   0x00001e78       0x40 build/innoGateway2_base/debug/_ext/1360937237/helper.o
 .debug_frame   0x00001eb8       0xa8 build/innoGateway2_base/debug/_ext/1360937237/i2c_eeprom.o
 .debug_frame   0x00001f60       0xb0 build/innoGateway2_base/debug/_ext/1360937237/timerDefinitions.o
 .debug_frame   0x00002010      0x1c4 build/innoGateway2_base/debug/_ext/1360937237/uart.o
 .debug_frame   0x000021d4       0xb8 build/innoGateway2_base/debug/_ext/1360937237/uart_protocol_handler.o
 .debug_frame   0x0000228c      0x2c0 build/innoGateway2_base/debug/_ext/108923032/drv_i2c.o
 .debug_frame   0x0000254c       0x90 build/innoGateway2_base/debug/_ext/1082766828/sys_int_pic32.o
 .debug_frame   0x000025dc       0x2c c:/program files (x86)/microchip/xc32/v1.44/bin/bin/../../lib/gcc/pic32mx/4.8.3/../../../../pic32mx/lib\libpic32.a(default-bootstrap-exception-handler.o)
 .debug_frame   0x00002608       0x20 c:/program files (x86)/microchip/xc32/v1.44/bin/bin/../../lib/gcc/pic32mx/4.8.3/../../../../pic32mx/lib\libpic32.a(default-on-reset.o)
 .debug_frame   0x00002628       0x20 c:/program files (x86)/microchip/xc32/v1.44/bin/bin/../../lib/gcc/pic32mx/4.8.3/../../../../pic32mx/lib\libpic32.a(default-on-bootstrap.o)
 .debug_frame   0x00002648       0x20 c:/program files (x86)/microchip/xc32/v1.44/bin/bin/../../lib/gcc/pic32mx/4.8.3/../../../../pic32mx/lib\libpic32.a(defaultinterrupt.o)
 .debug_frame   0x00002668       0x78 c:/program files (x86)/microchip/xc32/v1.44/bin/bin/../../lib/gcc/pic32mx/4.8.3/../../../../pic32mx/lib\libc.a(ctime.o)
 .debug_frame   0x000026e0       0x20 c:/program files (x86)/microchip/xc32/v1.44/bin/bin/../../lib/gcc/pic32mx/4.8.3/../../../../pic32mx/lib\libc.a(mktime.o)

.debug_str      0x00000000      0xc2d
 *(.debug_str)
 .debug_str     0x00000000        0x0 c:/program files (x86)/microchip/xc32/v1.44/bin/bin/../../lib/gcc/pic32mx/4.8.3/../../../../pic32mx/lib\software-debug-break.o
 .debug_str     0x00000000        0x6 build/innoGateway2_base/debug/_ext/1756686434/sys_wdt.o
 .debug_str     0x00000006       0x15 build/innoGateway2_base/debug/_ext/797593781/bsp.o
 .debug_str     0x0000001b       0x1e build/innoGateway2_base/debug/_ext/1834457159/drv_can_mapping.o
 .debug_str     0x00000039       0x8c build/innoGateway2_base/debug/_ext/1834457159/drv_can_static.o
 .debug_str     0x000000c5       0x68 build/innoGateway2_base/debug/_ext/715447426/drv_tmr_static.o
 .debug_str     0x0000012d        0xe build/innoGateway2_base/debug/_ext/715447426/drv_tmr_mapping.o
 .debug_str     0x0000013b       0x36 build/innoGateway2_base/debug/_ext/124120942/drv_usart_mapping.o
 .debug_str     0x00000171      0x128 build/innoGateway2_base/debug/_ext/124120942/drv_usart_static.o
 .debug_str     0x00000299       0x23 build/innoGateway2_base/debug/_ext/124120942/drv_usart_static_byte_model.o
 .debug_str     0x000002bc       0x39 build/innoGateway2_base/debug/_ext/1532472558/sys_clk_pic32mx.o
 .debug_str     0x000002f5       0x16 build/innoGateway2_base/debug/_ext/1960096935/sys_devcon.o
 .debug_str     0x0000030b        0x6 build/innoGateway2_base/debug/_ext/1960096935/sys_devcon_pic32mx.o
 .debug_str     0x00000311       0x81 build/innoGateway2_base/debug/_ext/1024927934/sys_ports_static.o
 .debug_str     0x00000392       0x36 build/innoGateway2_base/debug/_ext/1332166779/system_init.o
 .debug_str     0x000003c8       0xc7 build/innoGateway2_base/debug/_ext/1332166779/system_interrupt.o
 .debug_str     0x0000048f        0x0 build/innoGateway2_base/debug/_ext/1332166779/system_exceptions.o
 .debug_str     0x0000048f        0x0 build/innoGateway2_base/debug/_ext/1332166779/system_tasks.o
 .debug_str     0x0000048f       0xf0 build/innoGateway2_base/debug/_ext/1360937237/app.o
 .debug_str     0x0000057f        0x0 build/innoGateway2_base/debug/_ext/1360937237/main.o
 .debug_str     0x0000057f      0x228 build/innoGateway2_base/debug/_ext/1360937237/IRMA.o
 .debug_str     0x000007a7       0xae build/innoGateway2_base/debug/_ext/1360937237/errorCheck.o
 .debug_str     0x00000855       0x25 build/innoGateway2_base/debug/_ext/1360937237/fifoBuffer.o
 .debug_str     0x0000087a        0xb build/innoGateway2_base/debug/_ext/1360937237/helper.o
 .debug_str     0x00000885       0x3e build/innoGateway2_base/debug/_ext/1360937237/i2c_eeprom.o
 .debug_str     0x000008c3       0xc9 build/innoGateway2_base/debug/_ext/1360937237/timerDefinitions.o
 .debug_str     0x0000098c       0x15 build/innoGateway2_base/debug/_ext/1360937237/uart.o
 .debug_str     0x000009a1      0x108 build/innoGateway2_base/debug/_ext/1360937237/uart_protocol_handler.o
 .debug_str     0x00000aa9      0x167 build/innoGateway2_base/debug/_ext/108923032/drv_i2c.o
 .debug_str     0x00000c10       0x1d build/innoGateway2_base/debug/_ext/1082766828/sys_int_pic32.o
 .debug_str     0x00000c2d        0x0 c:/program files (x86)/microchip/xc32/v1.44/bin/bin/../../lib/gcc/pic32mx/4.8.3/../../../../pic32mx/lib\libpic32.a(default-bootstrap-exception-handler.o)
 .debug_str     0x00000c2d        0x0 c:/program files (x86)/microchip/xc32/v1.44/bin/bin/../../lib/gcc/pic32mx/4.8.3/../../../../pic32mx/lib\libpic32.a(default-on-reset.o)
 .debug_str     0x00000c2d        0x0 c:/program files (x86)/microchip/xc32/v1.44/bin/bin/../../lib/gcc/pic32mx/4.8.3/../../../../pic32mx/lib\libpic32.a(default-on-bootstrap.o)
 .debug_str     0x00000c2d        0x0 c:/program files (x86)/microchip/xc32/v1.44/bin/bin/../../lib/gcc/pic32mx/4.8.3/../../../../pic32mx/lib\libpic32.a(defaultinterrupt.o)
 .debug_str     0x00000c2d        0x0 c:/program files (x86)/microchip/xc32/v1.44/bin/bin/../../lib/gcc/pic32mx/4.8.3/../../../../pic32mx/lib\libc.a(ctime.o)
 .debug_str     0x00000c2d        0x0 c:/program files (x86)/microchip/xc32/v1.44/bin/bin/../../lib/gcc/pic32mx/4.8.3/../../../../pic32mx/lib\libc.a(mktime.o)

.debug_loc      0x00000000     0xb92e
 *(.debug_loc)
 .debug_loc     0x00000000      0x548 build/innoGateway2_base/debug/_ext/1834457159/drv_can_mapping.o
 .debug_loc     0x00000548      0x31b build/innoGateway2_base/debug/_ext/1834457159/drv_can_static.o
 .debug_loc     0x00000863      0x384 build/innoGateway2_base/debug/_ext/715447426/drv_tmr_static.o
 .debug_loc     0x00000be7      0x644 build/innoGateway2_base/debug/_ext/715447426/drv_tmr_mapping.o
 .debug_loc     0x0000122b      0xd5b build/innoGateway2_base/debug/_ext/124120942/drv_usart_mapping.o
 .debug_loc     0x00001f86     0x10f2 build/innoGateway2_base/debug/_ext/124120942/drv_usart_static.o
 .debug_loc     0x00003078       0xc1 build/innoGateway2_base/debug/_ext/1532472558/sys_clk_pic32mx.o
 .debug_loc     0x00003139      0x150 build/innoGateway2_base/debug/_ext/1960096935/sys_devcon.o
 .debug_loc     0x00003289       0xfa build/innoGateway2_base/debug/_ext/1960096935/sys_devcon_pic32mx.o
 .debug_loc     0x00003383      0x73d build/innoGateway2_base/debug/_ext/1024927934/sys_ports_static.o
 .debug_loc     0x00003ac0       0x41 build/innoGateway2_base/debug/_ext/1332166779/system_init.o
 .debug_loc     0x00003b01      0x279 build/innoGateway2_base/debug/_ext/1332166779/system_interrupt.o
 .debug_loc     0x00003d7a       0x20 build/innoGateway2_base/debug/_ext/1332166779/system_exceptions.o
 .debug_loc     0x00003d9a       0x20 build/innoGateway2_base/debug/_ext/1332166779/system_tasks.o
 .debug_loc     0x00003dba      0xfcf build/innoGateway2_base/debug/_ext/1360937237/app.o
 .debug_loc     0x00004d89       0x20 build/innoGateway2_base/debug/_ext/1360937237/main.o
 .debug_loc     0x00004da9     0x1b2c build/innoGateway2_base/debug/_ext/1360937237/IRMA.o
 .debug_loc     0x000068d5       0x74 build/innoGateway2_base/debug/_ext/1360937237/errorCheck.o
 .debug_loc     0x00006949      0x14e build/innoGateway2_base/debug/_ext/1360937237/fifoBuffer.o
 .debug_loc     0x00006a97       0xe8 build/innoGateway2_base/debug/_ext/1360937237/helper.o
 .debug_loc     0x00006b7f      0x5f8 build/innoGateway2_base/debug/_ext/1360937237/i2c_eeprom.o
 .debug_loc     0x00007177       0xa5 build/innoGateway2_base/debug/_ext/1360937237/timerDefinitions.o
 .debug_loc     0x0000721c      0x401 build/innoGateway2_base/debug/_ext/1360937237/uart.o
 .debug_loc     0x0000761d      0xa88 build/innoGateway2_base/debug/_ext/1360937237/uart_protocol_handler.o
 .debug_loc     0x000080a5     0x3761 build/innoGateway2_base/debug/_ext/108923032/drv_i2c.o
 .debug_loc     0x0000b806       0xfc build/innoGateway2_base/debug/_ext/1082766828/sys_int_pic32.o
 .debug_loc     0x0000b902       0x2c c:/program files (x86)/microchip/xc32/v1.44/bin/bin/../../lib/gcc/pic32mx/4.8.3/../../../../pic32mx/lib\libpic32.a(default-bootstrap-exception-handler.o)

.debug_macinfo
 *(.debug_macinfo)

.debug_weaknames
 *(.debug_weaknames)

.debug_funcnames
 *(.debug_funcnames)

.debug_typenames
 *(.debug_typenames)

.debug_varnames
 *(.debug_varnames)

.debug_pubtypes
 *(.debug_pubtypes)

.debug_ranges   0x00000000     0x1028
 *(.debug_ranges)
 .debug_ranges  0x00000000       0x10 c:/program files (x86)/microchip/xc32/v1.44/bin/bin/../../lib/gcc/pic32mx/4.8.3/../../../../pic32mx/lib\software-debug-break.o
 .debug_ranges  0x00000010       0x20 build/innoGateway2_base/debug/_ext/1756686434/sys_wdt.o
 .debug_ranges  0x00000030       0x38 build/innoGateway2_base/debug/_ext/797593781/bsp.o
 .debug_ranges  0x00000068       0x38 build/innoGateway2_base/debug/_ext/1834457159/drv_can_mapping.o
 .debug_ranges  0x000000a0       0xc8 build/innoGateway2_base/debug/_ext/1834457159/drv_can_static.o
 .debug_ranges  0x00000168       0xa0 build/innoGateway2_base/debug/_ext/715447426/drv_tmr_static.o
 .debug_ranges  0x00000208       0xd8 build/innoGateway2_base/debug/_ext/715447426/drv_tmr_mapping.o
 .debug_ranges  0x000002e0       0xb8 build/innoGateway2_base/debug/_ext/124120942/drv_usart_mapping.o
 .debug_ranges  0x00000398      0x230 build/innoGateway2_base/debug/_ext/124120942/drv_usart_static.o
 .debug_ranges  0x000005c8       0xe0 build/innoGateway2_base/debug/_ext/124120942/drv_usart_static_byte_model.o
 .debug_ranges  0x000006a8       0x40 build/innoGateway2_base/debug/_ext/1532472558/sys_clk_pic32mx.o
 .debug_ranges  0x000006e8       0x68 build/innoGateway2_base/debug/_ext/1960096935/sys_devcon.o
 .debug_ranges  0x00000750       0x10 build/innoGateway2_base/debug/_ext/1960096935/sys_devcon_pic32mx.o
 .debug_ranges  0x00000760      0x138 build/innoGateway2_base/debug/_ext/1024927934/sys_ports_static.o
 .debug_ranges  0x00000898       0x10 build/innoGateway2_base/debug/_ext/1332166779/system_init.o
 .debug_ranges  0x000008a8       0x40 build/innoGateway2_base/debug/_ext/1332166779/system_interrupt.o
 .debug_ranges  0x000008e8       0x10 build/innoGateway2_base/debug/_ext/1332166779/system_exceptions.o
 .debug_ranges  0x000008f8       0x10 build/innoGateway2_base/debug/_ext/1332166779/system_tasks.o
 .debug_ranges  0x00000908       0xf8 build/innoGateway2_base/debug/_ext/1360937237/app.o
 .debug_ranges  0x00000a00       0x10 build/innoGateway2_base/debug/_ext/1360937237/main.o
 .debug_ranges  0x00000a10      0x1c8 build/innoGateway2_base/debug/_ext/1360937237/IRMA.o
 .debug_ranges  0x00000bd8       0x10 build/innoGateway2_base/debug/_ext/1360937237/errorCheck.o
 .debug_ranges  0x00000be8       0x28 build/innoGateway2_base/debug/_ext/1360937237/fifoBuffer.o
 .debug_ranges  0x00000c10       0x20 build/innoGateway2_base/debug/_ext/1360937237/helper.o
 .debug_ranges  0x00000c30       0x28 build/innoGateway2_base/debug/_ext/1360937237/i2c_eeprom.o
 .debug_ranges  0x00000c58       0x58 build/innoGateway2_base/debug/_ext/1360937237/timerDefinitions.o
 .debug_ranges  0x00000cb0       0x88 build/innoGateway2_base/debug/_ext/1360937237/uart.o
 .debug_ranges  0x00000d38       0xc0 build/innoGateway2_base/debug/_ext/1360937237/uart_protocol_handler.o
 .debug_ranges  0x00000df8      0x160 build/innoGateway2_base/debug/_ext/108923032/drv_i2c.o
 .debug_ranges  0x00000f58       0x50 build/innoGateway2_base/debug/_ext/1082766828/sys_int_pic32.o
 .debug_ranges  0x00000fa8       0x10 c:/program files (x86)/microchip/xc32/v1.44/bin/bin/../../lib/gcc/pic32mx/4.8.3/../../../../pic32mx/lib\libpic32.a(default-bootstrap-exception-handler.o)
 .debug_ranges  0x00000fb8       0x10 c:/program files (x86)/microchip/xc32/v1.44/bin/bin/../../lib/gcc/pic32mx/4.8.3/../../../../pic32mx/lib\libpic32.a(default-on-reset.o)
 .debug_ranges  0x00000fc8       0x10 c:/program files (x86)/microchip/xc32/v1.44/bin/bin/../../lib/gcc/pic32mx/4.8.3/../../../../pic32mx/lib\libpic32.a(default-on-bootstrap.o)
 .debug_ranges  0x00000fd8       0x10 c:/program files (x86)/microchip/xc32/v1.44/bin/bin/../../lib/gcc/pic32mx/4.8.3/../../../../pic32mx/lib\libpic32.a(defaultinterrupt.o)
 .debug_ranges  0x00000fe8       0x30 c:/program files (x86)/microchip/xc32/v1.44/bin/bin/../../lib/gcc/pic32mx/4.8.3/../../../../pic32mx/lib\libc.a(ctime.o)
 .debug_ranges  0x00001018       0x10 c:/program files (x86)/microchip/xc32/v1.44/bin/bin/../../lib/gcc/pic32mx/4.8.3/../../../../pic32mx/lib\libc.a(mktime.o)

.gnu.attributes
                0x00000000       0x10
 *(.gnu.attributes)
 .gnu.attributes
                0x00000000       0x10 c:/program files (x86)/microchip/xc32/v1.44/bin/bin/../../lib/gcc/pic32mx/4.8.3/../../../../pic32mx/lib\software-debug-break.o
 .gnu.attributes
                0x00000010       0x10 build/innoGateway2_base/debug/_ext/1756686434/sys_wdt.o
 .gnu.attributes
                0x00000020       0x10 build/innoGateway2_base/debug/_ext/797593781/bsp.o
 .gnu.attributes
                0x00000030       0x10 build/innoGateway2_base/debug/_ext/1834457159/drv_can_mapping.o
 .gnu.attributes
                0x00000040       0x10 build/innoGateway2_base/debug/_ext/1834457159/drv_can_static.o
 .gnu.attributes
                0x00000050       0x10 build/innoGateway2_base/debug/_ext/715447426/drv_tmr_static.o
 .gnu.attributes
                0x00000060       0x10 build/innoGateway2_base/debug/_ext/715447426/drv_tmr_mapping.o
 .gnu.attributes
                0x00000070       0x10 build/innoGateway2_base/debug/_ext/124120942/drv_usart_mapping.o
 .gnu.attributes
                0x00000080       0x10 build/innoGateway2_base/debug/_ext/124120942/drv_usart_static.o
 .gnu.attributes
                0x00000090       0x10 build/innoGateway2_base/debug/_ext/124120942/drv_usart_static_byte_model.o
 .gnu.attributes
                0x000000a0       0x10 build/innoGateway2_base/debug/_ext/1532472558/sys_clk_pic32mx.o
 .gnu.attributes
                0x000000b0       0x10 build/innoGateway2_base/debug/_ext/1960096935/sys_devcon.o
 .gnu.attributes
                0x000000c0       0x10 build/innoGateway2_base/debug/_ext/1960096935/sys_devcon_pic32mx.o
 .gnu.attributes
                0x000000d0       0x10 build/innoGateway2_base/debug/_ext/1024927934/sys_ports_static.o
 .gnu.attributes
                0x000000e0       0x10 build/innoGateway2_base/debug/_ext/1332166779/system_init.o
 .gnu.attributes
                0x000000f0       0x10 build/innoGateway2_base/debug/_ext/1332166779/system_interrupt.o
 .gnu.attributes
                0x00000100       0x10 build/innoGateway2_base/debug/_ext/1332166779/system_exceptions.o
 .gnu.attributes
                0x00000110       0x10 build/innoGateway2_base/debug/_ext/1332166779/system_tasks.o
 .gnu.attributes
                0x00000120       0x10 build/innoGateway2_base/debug/_ext/1360937237/app.o
 .gnu.attributes
                0x00000130       0x10 build/innoGateway2_base/debug/_ext/1360937237/main.o
 .gnu.attributes
                0x00000140       0x10 build/innoGateway2_base/debug/_ext/1360937237/IRMA.o
 .gnu.attributes
                0x00000150       0x10 build/innoGateway2_base/debug/_ext/1360937237/errorCheck.o
 .gnu.attributes
                0x00000160       0x10 build/innoGateway2_base/debug/_ext/1360937237/fifoBuffer.o
 .gnu.attributes
                0x00000170       0x10 build/innoGateway2_base/debug/_ext/1360937237/helper.o
 .gnu.attributes
                0x00000180       0x10 build/innoGateway2_base/debug/_ext/1360937237/i2c_eeprom.o
 .gnu.attributes
                0x00000190       0x10 build/innoGateway2_base/debug/_ext/1360937237/timerDefinitions.o
 .gnu.attributes
                0x000001a0       0x10 build/innoGateway2_base/debug/_ext/1360937237/uart.o
 .gnu.attributes
                0x000001b0       0x10 build/innoGateway2_base/debug/_ext/1360937237/uart_protocol_handler.o
 .gnu.attributes
                0x000001c0       0x10 build/innoGateway2_base/debug/_ext/108923032/drv_i2c.o
 .gnu.attributes
                0x000001d0       0x10 build/innoGateway2_base/debug/_ext/1082766828/sys_int_pic32.o
 .gnu.attributes
                0x000001e0       0x10 c:/program files (x86)/microchip/xc32/v1.44/bin/bin/../../lib/gcc/pic32mx/4.8.3/../../../../pic32mx/lib\libpic32.a(default-bootstrap-exception-handler.o)
 .gnu.attributes
                0x000001f0       0x10 c:/program files (x86)/microchip/xc32/v1.44/bin/bin/../../lib/gcc/pic32mx/4.8.3/../../../../pic32mx/lib\libpic32.a(default-on-reset.o)
 .gnu.attributes
                0x00000200       0x10 c:/program files (x86)/microchip/xc32/v1.44/bin/bin/../../lib/gcc/pic32mx/4.8.3/../../../../pic32mx/lib\libpic32.a(default-on-bootstrap.o)
 .gnu.attributes
                0x00000210       0x10 c:/program files (x86)/microchip/xc32/v1.44/bin/bin/../../lib/gcc/pic32mx/4.8.3/../../../../pic32mx/lib\libpic32.a(defaultinterrupt.o)
 .gnu.attributes
                0x00000220       0x10 c:/program files (x86)/microchip/xc32/v1.44/bin/bin/../../lib/gcc/pic32mx/4.8.3/../../../../pic32mx/lib\libc.a(ctime.o)
 .gnu.attributes
                0x00000230       0x10 c:/program files (x86)/microchip/xc32/v1.44/bin/bin/../../lib/gcc/pic32mx/4.8.3/../../../../pic32mx/lib\libc.a(mktime.o)
LOAD c:/program files (x86)/microchip/xc32/v1.44/bin/bin/../../lib/gcc/pic32mx/4.8.3\libgcc.a
START GROUP
LOAD c:/program files (x86)/microchip/xc32/v1.44/bin/bin/../../lib/gcc/pic32mx/4.8.3/../../../../pic32mx/lib\libpic32.a
LOAD c:/program files (x86)/microchip/xc32/v1.44/bin/bin/../../lib/gcc/pic32mx/4.8.3/../../../../pic32mx/lib\libdebug.a
LOAD c:/program files (x86)/microchip/xc32/v1.44/bin/bin/../../lib/gcc/pic32mx/4.8.3/../../../../pic32mx/lib\libpic32.a
LOAD c:/program files (x86)/microchip/xc32/v1.44/bin/bin/../../lib/gcc/pic32mx/4.8.3/../../../../pic32mx/lib\libc.a
LOAD c:/program files (x86)/microchip/xc32/v1.44/bin/bin/../../lib/gcc/pic32mx/4.8.3/../../../../pic32mx/lib\libc.a
LOAD c:/program files (x86)/microchip/xc32/v1.44/bin/bin/../../lib/gcc/pic32mx/4.8.3/../../../../pic32mx/lib\libm.a
LOAD c:/program files (x86)/microchip/xc32/v1.44/bin/bin/../../lib/gcc/pic32mx/4.8.3/../../../../pic32mx/lib\libe.a
LOAD c:/program files (x86)/microchip/xc32/v1.44/bin/bin/../../lib/gcc/pic32mx/4.8.3/../../../../pic32mx/lib\libdsp.a
LOAD c:/program files (x86)/microchip/xc32/v1.44/bin/bin/../../lib/gcc/pic32mx/4.8.3\libgcc.a
LOAD c:/program files (x86)/microchip/xc32/v1.44/bin/bin/../../lib/gcc/pic32mx/4.8.3/../../../../pic32mx/lib\libpic32.a
END GROUP
LOAD c:/program files (x86)/microchip/xc32/v1.44/bin/bin/../../lib/gcc/pic32mx/4.8.3\libgcc.a
OUTPUT(dist/innoGateway2_base/debug/innoGateway2.X.debug.elf elf32-tradlittlemips)
LOAD stack
LOAD data_init

.reginfo        0x00000000       0x18
 .reginfo       0x00000000       0x18 c:/program files (x86)/microchip/xc32/v1.44/bin/bin/../../lib/gcc/pic32mx/4.8.3/../../../../pic32mx/lib/./proc/32MX795F512L/crt0_mips32r2.o

.stack          0xa0002200      0x400
 .stack         0xa0002200      0x400 stack

.bss            0xa0001aec      0x61c
 .bss           0xa0001aec      0x400 build/innoGateway2_base/debug/_ext/1834457159/drv_can_static.o
 .bss           0xa0001eec      0x21c build/innoGateway2_base/debug/_ext/108923032/drv_i2c.o

.bss            0xa0002108       0x8c
 .bss           0xa0002108       0x8c build/innoGateway2_base/debug/_ext/1360937237/i2c_eeprom.o

.bss            0xa0002198       0x48
 .bss           0xa0002198       0x48 c:/program files (x86)/microchip/xc32/v1.44/bin/bin/../../lib/gcc/pic32mx/4.8.3/../../../../pic32mx/lib\libc.a(ctime.o)
                0xa00021d8                time_zone

.text.dataProcessManager
                0x9d000000     0x10f8
 .text.dataProcessManager
                0x9d000000     0x10f8 build/innoGateway2_base/debug/_ext/1360937237/app.o
                0x9d000000                dataProcessManager

.text.uartProcessCommandGeneral
                0x9d0010f8      0xf00
 .text.uartProcessCommandGeneral
                0x9d0010f8      0xf00 build/innoGateway2_base/debug/_ext/1360937237/uart_protocol_handler.o
                0x9d0010f8                uartProcessCommandGeneral

.text.DRV_I2C_Tasks
                0x9d001ff8      0x9c8
 .text.DRV_I2C_Tasks
                0x9d001ff8      0x9c8 build/innoGateway2_base/debug/_ext/108923032/drv_i2c.o
                0x9d001ff8                DRV_I2C_Tasks

.text.countingProcess
                0x9d0029c0      0x6fc
 .text.countingProcess
                0x9d0029c0      0x6fc build/innoGateway2_base/debug/_ext/1360937237/app.o
                0x9d0029c0                countingProcess

.text.uartCommandHandlerGeneral
                0x9d0030bc      0x4c8
 .text.uartCommandHandlerGeneral
                0x9d0030bc      0x4c8 build/innoGateway2_base/debug/_ext/1360937237/uart_protocol_handler.o
                0x9d0030bc                uartCommandHandlerGeneral

.text.checkAllSensorParameters
                0x9d003584      0x4a8
 .text.checkAllSensorParameters
                0x9d003584      0x4a8 build/innoGateway2_base/debug/_ext/1360937237/app.o
                0x9d003584                checkAllSensorParameters

.text.IRMA_Get_Response
                0x9d003a2c      0x388
 .text.IRMA_Get_Response
                0x9d003a2c      0x388 build/innoGateway2_base/debug/_ext/1360937237/IRMA.o
                0x9d003a2c                IRMA_Get_Response

.text.DRV_I2C_Initialize
                0x9d003db4      0x36c
 .text.DRV_I2C_Initialize
                0x9d003db4      0x36c build/innoGateway2_base/debug/_ext/108923032/drv_i2c.o
                0x9d003db4                DRV_I2C_Initialize

.text.i2cEepromReadWrite
                0x9d004120      0x318
 .text.i2cEepromReadWrite
                0x9d004120      0x318 build/innoGateway2_base/debug/_ext/1360937237/i2c_eeprom.o
                0x9d004120                i2cEepromReadWrite

.text.IRMA_getCountResultsWithOptionalReset
                0x9d004438      0x2ec
 .text.IRMA_getCountResultsWithOptionalReset
                0x9d004438      0x2ec build/innoGateway2_base/debug/_ext/1360937237/IRMA.o
                0x9d004438                IRMA_getCountResultsWithOptionalReset

.text.prepareMessagePackage
                0x9d004724      0x2dc
 .text.prepareMessagePackage
                0x9d004724      0x2dc build/innoGateway2_base/debug/_ext/1360937237/uart_protocol_handler.o
                0x9d004724                prepareMessagePackage

.text._IntHandlerDrvCANInstance0
                0x9d004a00      0x2b0
 .text._IntHandlerDrvCANInstance0